ARM Linker, 5.03 [Build 76] [MDK-ARM Lite]

==============================================================================

Section Cross References

    startup.o(STACK) refers (Special) to heapauxi.o(.text) for __use_two_region_memory
    startup.o(HEAP) refers (Special) to heapauxi.o(.text) for __use_two_region_memory
    startup.o(RESET) refers (Special) to heapauxi.o(.text) for __use_two_region_memory
    startup.o(RESET) refers to startup.o(STACK) for StackMem
    startup.o(RESET) refers to spaceinvaders.o(i.SysTick_Handler) for SysTick_Handler
    startup.o(RESET) refers to spaceinvaders.o(i.Timer2A_Handler) for Timer2A_Handler
    startup.o(RESET) refers to texas.o(i.Timer4A_Handler) for Timer4A_Handler
    startup.o(RESET) refers to texas.o(i.Timer5A_Handler) for Timer5A_Handler
    startup.o(RESET) refers to __main.o(!!!main) for __main
    startup.o(.text) refers (Special) to heapauxi.o(.text) for __use_two_region_memory
    startup.o(.text) refers to startup.o(HEAP) for HeapMem
    startup.o(.text) refers to startup.o(STACK) for StackMem
    nokia5110.o(i.Nokia5110_Clear) refers to nokia5110.o(i.lcdwrite) for lcdwrite
    nokia5110.o(i.Nokia5110_Clear) refers to nokia5110.o(i.Nokia5110_SetCursor) for Nokia5110_SetCursor
    nokia5110.o(i.Nokia5110_ClearBuffer) refers to nokia5110.o(.bss) for Screen
    nokia5110.o(i.Nokia5110_ClearPixel) refers to nokia5110.o(.bss) for Screen
    nokia5110.o(i.Nokia5110_DisplayBuffer) refers to nokia5110.o(i.Nokia5110_DrawFullImage) for Nokia5110_DrawFullImage
    nokia5110.o(i.Nokia5110_DisplayBuffer) refers to nokia5110.o(.bss) for Screen
    nokia5110.o(i.Nokia5110_DrawFullImage) refers to nokia5110.o(i.Nokia5110_SetCursor) for Nokia5110_SetCursor
    nokia5110.o(i.Nokia5110_DrawFullImage) refers to nokia5110.o(i.lcdwrite) for lcdwrite
    nokia5110.o(i.Nokia5110_Init) refers to nokia5110.o(i.lcdwrite) for lcdwrite
    nokia5110.o(i.Nokia5110_OutChar) refers to nokia5110.o(i.lcdwrite) for lcdwrite
    nokia5110.o(i.Nokia5110_OutChar) refers to nokia5110.o(.constdata) for ASCII
    nokia5110.o(i.Nokia5110_OutString) refers to nokia5110.o(i.Nokia5110_OutChar) for Nokia5110_OutChar
    nokia5110.o(i.Nokia5110_OutUDec) refers to nokia5110.o(i.Nokia5110_OutString) for Nokia5110_OutString
    nokia5110.o(i.Nokia5110_OutUDec) refers to nokia5110.o(i.Nokia5110_OutChar) for Nokia5110_OutChar
    nokia5110.o(i.Nokia5110_PrintBMP) refers to nokia5110.o(.bss) for Screen
    nokia5110.o(i.Nokia5110_SetCursor) refers to nokia5110.o(i.lcdwrite) for lcdwrite
    nokia5110.o(i.Nokia5110_SetPixel) refers to nokia5110.o(.bss) for Screen
    random.o(.text) refers to random.o(DATA) for M
    spaceinvaders.o(i.Add_Collision_Detection_Effect) refers to spaceinvaders.o(i._is_bullet_hit_against_player) for _is_bullet_hit_against_player
    spaceinvaders.o(i.Add_Collision_Detection_Effect) refers to spaceinvaders.o(i._is_bullet_hit_against_enemy) for _is_bullet_hit_against_enemy
    spaceinvaders.o(i.Add_Collision_Detection_Effect) refers to spaceinvaders.o(i._is_bullet_hit_against_bunker) for _is_bullet_hit_against_bunker
    spaceinvaders.o(i.Add_Collision_Detection_Effect) refers to spaceinvaders.o(i.Get_Next_Sprite) for Get_Next_Sprite
    spaceinvaders.o(i.Add_Collision_Detection_Effect) refers to rt_memcpy_w.o(.text) for __aeabi_memcpy4
    spaceinvaders.o(i.Add_Collision_Detection_Effect) refers to spaceinvaders.o(.constdata) for BigExplosion0
    spaceinvaders.o(i.Add_Collision_Detection_Effect) refers to spaceinvaders.o(.data) for bunker_life
    spaceinvaders.o(i.Calibrate_Stick) refers to nokia5110.o(i.Nokia5110_Clear) for Nokia5110_Clear
    spaceinvaders.o(i.Calibrate_Stick) refers to nokia5110.o(i.Nokia5110_SetCursor) for Nokia5110_SetCursor
    spaceinvaders.o(i.Calibrate_Stick) refers to nokia5110.o(i.Nokia5110_OutString) for Nokia5110_OutString
    spaceinvaders.o(i.Calibrate_Stick) refers to spaceinvaders.o(i.Delay100ms) for Delay100ms
    spaceinvaders.o(i.Calibrate_Stick) refers to spaceinvaders.o(i.is_controler_in_middle) for is_controler_in_middle
    spaceinvaders.o(i.Calibrate_Stick) refers to spaceinvaders.o(.data) for SysTickFlag
    spaceinvaders.o(i.Control_ExplosionArray) refers to spaceinvaders.o(i.Get_Next_Sprite) for Get_Next_Sprite
    spaceinvaders.o(i.Get_New_Player_Position) refers to spaceinvaders.o(i.Return_Next_Move_Num) for Return_Next_Move_Num
    spaceinvaders.o(i.Get_New_Player_Position) refers to spaceinvaders.o(.data) for ControlerPosition
    spaceinvaders.o(i.Get_Next_Sprite) refers to spaceinvaders.o(.constdata) for SmallEnemy20PointA
    spaceinvaders.o(i.Init_BulletArray) refers to spaceinvaders.o(.bss) for BulletArray
    spaceinvaders.o(i.Init_BulletArray) refers to spaceinvaders.o(.constdata) for Missile0
    spaceinvaders.o(i.Init_BunkerArray) refers to spaceinvaders.o(.bss) for BunkerArray
    spaceinvaders.o(i.Init_BunkerArray) refers to spaceinvaders.o(.constdata) for PlayerShip0
    spaceinvaders.o(i.Init_EnemyArray) refers to rt_memcpy_w.o(.text) for __aeabi_memcpy4
    spaceinvaders.o(i.Init_EnemyArray) refers to spaceinvaders.o(.constdata) for .constdata
    spaceinvaders.o(i.Init_EnemyArray) refers to spaceinvaders.o(.bss) for EnemyArray
    spaceinvaders.o(i.Init_ExplosionArray) refers to spaceinvaders.o(.bss) for ExplosionArray
    spaceinvaders.o(i.Init_ExplosionArray) refers to spaceinvaders.o(.constdata) for BigExplosion0
    spaceinvaders.o(i.Init_Player) refers to spaceinvaders.o(.bss) for Player
    spaceinvaders.o(i.Init_Player) refers to spaceinvaders.o(.constdata) for PlayerShip0
    spaceinvaders.o(i.Move_BulletArray) refers to spaceinvaders.o(i.Get_Next_Sprite) for Get_Next_Sprite
    spaceinvaders.o(i.Move_BulletArray) refers to spaceinvaders.o(.constdata) for Laser0
    spaceinvaders.o(i.Move_BulletArray) refers to spaceinvaders.o(.data) for bullet_counter
    spaceinvaders.o(i.Move_EnemyArray) refers to spaceinvaders.o(i.Get_Next_Sprite) for Get_Next_Sprite
    spaceinvaders.o(i.Print_SpriteArray) refers to nokia5110.o(i.Nokia5110_PrintBMP) for Nokia5110_PrintBMP
    spaceinvaders.o(i.Shoot_BulletArray) refers to spaceinvaders.o(.data) for counter_for_bullet
    spaceinvaders.o(i.Shoot_BulletArray) refers to spaceinvaders.o(.constdata) for Missile0
    spaceinvaders.o(i.Show_Gameover) refers to nokia5110.o(i.Nokia5110_Clear) for Nokia5110_Clear
    spaceinvaders.o(i.Show_Gameover) refers to nokia5110.o(i.Nokia5110_SetCursor) for Nokia5110_SetCursor
    spaceinvaders.o(i.Show_Gameover) refers to nokia5110.o(i.Nokia5110_OutString) for Nokia5110_OutString
    spaceinvaders.o(i.Show_YouWin) refers to nokia5110.o(i.Nokia5110_Clear) for Nokia5110_Clear
    spaceinvaders.o(i.Show_YouWin) refers to nokia5110.o(i.Nokia5110_SetCursor) for Nokia5110_SetCursor
    spaceinvaders.o(i.Show_YouWin) refers to nokia5110.o(i.Nokia5110_OutString) for Nokia5110_OutString
    spaceinvaders.o(i.SysTick_Handler) refers to spaceinvaders.o(i.ADC0_InSeq3) for ADC0_InSeq3
    spaceinvaders.o(i.SysTick_Handler) refers to spaceinvaders.o(.data) for SysTickFlag
    spaceinvaders.o(i.Timer2A_Handler) refers to spaceinvaders.o(.data) for TimerCount
    spaceinvaders.o(i.Timer2_Init) refers to spaceinvaders.o(.data) for TimerCount
    spaceinvaders.o(i._get_sprite_wide) refers to spaceinvaders.o(.constdata) for SmallEnemy30PointA
    spaceinvaders.o(i._is_bullet_hit_against_bunker) refers to spaceinvaders.o(i._get_sprite_wide) for _get_sprite_wide
    spaceinvaders.o(i._is_bullet_hit_against_bunker) refers to spaceinvaders.o(i._is_laser) for _is_laser
    spaceinvaders.o(i._is_bullet_hit_against_enemy) refers to spaceinvaders.o(i._get_sprite_wide) for _get_sprite_wide
    spaceinvaders.o(i._is_bullet_hit_against_enemy) refers to spaceinvaders.o(.constdata) for Laser0
    spaceinvaders.o(i._is_bullet_hit_against_player) refers to spaceinvaders.o(.constdata) for Missile0
    spaceinvaders.o(i._is_laser) refers to spaceinvaders.o(.constdata) for Laser0
    spaceinvaders.o(i.is_controler_in_middle) refers to spaceinvaders.o(.data) for LEFT_THRESH
    spaceinvaders.o(i.main) refers to spaceinvaders.o(i.Init_EnemyArray) for Init_EnemyArray
    spaceinvaders.o(i.main) refers to spaceinvaders.o(i.Init_BulletArray) for Init_BulletArray
    spaceinvaders.o(i.main) refers to spaceinvaders.o(i.Init_Player) for Init_Player
    spaceinvaders.o(i.main) refers to spaceinvaders.o(i.Init_ExplosionArray) for Init_ExplosionArray
    spaceinvaders.o(i.main) refers to spaceinvaders.o(i.Init_BunkerArray) for Init_BunkerArray
    spaceinvaders.o(i.main) refers to texas.o(i.TExaS_Init) for TExaS_Init
    spaceinvaders.o(i.main) refers to random.o(.text) for Random_Init
    spaceinvaders.o(i.main) refers to nokia5110.o(i.Nokia5110_Init) for Nokia5110_Init
    spaceinvaders.o(i.main) refers to spaceinvaders.o(i.ADC0_Init) for ADC0_Init
    spaceinvaders.o(i.main) refers to spaceinvaders.o(i.SysTick_Init) for SysTick_Init
    spaceinvaders.o(i.main) refers to startup.o(.text) for EnableInterrupts
    spaceinvaders.o(i.main) refers to spaceinvaders.o(i.Calibrate_Stick) for Calibrate_Stick
    spaceinvaders.o(i.main) refers to spaceinvaders.o(i.Delay100ms) for Delay100ms
    spaceinvaders.o(i.main) refers to nokia5110.o(i.Nokia5110_Clear) for Nokia5110_Clear
    spaceinvaders.o(i.main) refers to nokia5110.o(i.Nokia5110_ClearBuffer) for Nokia5110_ClearBuffer
    spaceinvaders.o(i.main) refers to spaceinvaders.o(i.Get_New_Player_Position) for Get_New_Player_Position
    spaceinvaders.o(i.main) refers to spaceinvaders.o(i.Move_EnemyArray) for Move_EnemyArray
    spaceinvaders.o(i.main) refers to spaceinvaders.o(i.Shoot_BulletArray) for Shoot_BulletArray
    spaceinvaders.o(i.main) refers to spaceinvaders.o(i.Move_BulletArray) for Move_BulletArray
    spaceinvaders.o(i.main) refers to spaceinvaders.o(i.Add_Collision_Detection_Effect) for Add_Collision_Detection_Effect
    spaceinvaders.o(i.main) refers to spaceinvaders.o(i.Control_ExplosionArray) for Control_ExplosionArray
    spaceinvaders.o(i.main) refers to spaceinvaders.o(i.Print_SpriteArray) for Print_SpriteArray
    spaceinvaders.o(i.main) refers to nokia5110.o(i.Nokia5110_DisplayBuffer) for Nokia5110_DisplayBuffer
    spaceinvaders.o(i.main) refers to spaceinvaders.o(i.are_all_enemy_dead) for are_all_enemy_dead
    spaceinvaders.o(i.main) refers to spaceinvaders.o(i.is_playrer_dead) for is_playrer_dead
    spaceinvaders.o(i.main) refers to spaceinvaders.o(i.Show_Gameover) for Show_Gameover
    spaceinvaders.o(i.main) refers to spaceinvaders.o(i.Show_YouWin) for Show_YouWin
    spaceinvaders.o(i.main) refers to spaceinvaders.o(.data) for SysTickFlag
    spaceinvaders.o(i.main_1) refers to texas.o(i.TExaS_Init) for TExaS_Init
    spaceinvaders.o(i.main_1) refers to random.o(.text) for Random_Init
    spaceinvaders.o(i.main_1) refers to nokia5110.o(i.Nokia5110_Init) for Nokia5110_Init
    spaceinvaders.o(i.main_1) refers to nokia5110.o(i.Nokia5110_ClearBuffer) for Nokia5110_ClearBuffer
    spaceinvaders.o(i.main_1) refers to nokia5110.o(i.Nokia5110_DisplayBuffer) for Nokia5110_DisplayBuffer
    spaceinvaders.o(i.main_1) refers to nokia5110.o(i.Nokia5110_PrintBMP) for Nokia5110_PrintBMP
    spaceinvaders.o(i.main_1) refers to spaceinvaders.o(i.Delay100ms) for Delay100ms
    spaceinvaders.o(i.main_1) refers to nokia5110.o(i.Nokia5110_Clear) for Nokia5110_Clear
    spaceinvaders.o(i.main_1) refers to nokia5110.o(i.Nokia5110_SetCursor) for Nokia5110_SetCursor
    spaceinvaders.o(i.main_1) refers to nokia5110.o(i.Nokia5110_OutString) for Nokia5110_OutString
    spaceinvaders.o(i.main_1) refers to nokia5110.o(i.Nokia5110_OutUDec) for Nokia5110_OutUDec
    spaceinvaders.o(i.main_1) refers to spaceinvaders.o(.constdata) for PlayerShip0
    texas.o(i.SetCode) refers to texas.o(.bss) for TExaS
    texas.o(i.SetCourse) refers to texas.o(.bss) for TExaS
    texas.o(i.SetMode) refers to texas.o(.bss) for TExaS
    texas.o(i.StartTimer4) refers to texas.o(.data) for ScopeCount
    texas.o(i.TExaS_Init) refers to texas.o(i.PLL_Init) for PLL_Init
    texas.o(i.TExaS_Init) refers to texas.o(i.SetCourse) for SetCourse
    texas.o(i.TExaS_Init) refers to texas.o(i.UART0_Init) for UART0_Init
    texas.o(i.TExaS_Init) refers to texas.o(i.SetCode) for SetCode
    texas.o(i.TExaS_Init) refers to texas.o(i.ADC1_Init) for ADC1_Init
    texas.o(i.TExaS_Init) refers to texas.o(.constdata) for IntroMsg
    texas.o(i.TExaS_Init) refers to texas.o(.bss) for TExaS
    texas.o(i.TExaS_Init) refers to texas.o(.data) for LastMode
    texas.o(i.Timer5A_Handler) refers to texas.o(i.ADC1_In) for ADC1_In
    texas.o(i.Timer5A_Handler) refers to texas.o(.data) for TExaS_Period
    __main.o(!!!main) refers to rtentry.o(.ARM.Collect$$rtentry$$00000000) for __rt_entry
    rtentry.o(.ARM.Collect$$rtentry$$00000000) refers (Special) to rtentry2.o(.ARM.Collect$$rtentry$$0000000A) for __rt_entry_li
    rtentry.o(.ARM.Collect$$rtentry$$00000000) refers (Special) to rtentry2.o(.ARM.Collect$$rtentry$$0000000D) for __rt_entry_main
    rtentry.o(.ARM.Collect$$rtentry$$00000000) refers (Special) to rtentry2.o(.ARM.Collect$$rtentry$$0000000C) for __rt_entry_postli_1
    rtentry.o(.ARM.Collect$$rtentry$$00000000) refers (Special) to rtentry2.o(.ARM.Collect$$rtentry$$00000009) for __rt_entry_postsh_1
    rtentry.o(.ARM.Collect$$rtentry$$00000000) refers (Special) to rtentry2.o(.ARM.Collect$$rtentry$$00000002) for __rt_entry_presh_1
    rtentry.o(.ARM.Collect$$rtentry$$00000000) refers (Special) to rtentry4.o(.ARM.Collect$$rtentry$$00000004) for __rt_entry_sh
    rtentry2.o(.ARM.Collect$$rtentry$$00000008) refers to boardinit2.o(.text) for _platform_post_stackheap_init
    rtentry2.o(.ARM.Collect$$rtentry$$0000000A) refers to libinit.o(.ARM.Collect$$libinit$$00000000) for __rt_lib_init
    rtentry2.o(.ARM.Collect$$rtentry$$0000000B) refers to boardinit3.o(.text) for _platform_post_lib_init
    rtentry2.o(.ARM.Collect$$rtentry$$0000000D) refers to spaceinvaders.o(i.main) for main
    rtentry2.o(.ARM.Collect$$rtentry$$0000000D) refers to exit.o(.text) for exit
    rtentry2.o(.ARM.exidx) refers to rtentry2.o(.ARM.Collect$$rtentry$$00000001) for .ARM.Collect$$rtentry$$00000001
    rtentry2.o(.ARM.exidx) refers to rtentry2.o(.ARM.Collect$$rtentry$$00000008) for .ARM.Collect$$rtentry$$00000008
    rtentry2.o(.ARM.exidx) refers to rtentry2.o(.ARM.Collect$$rtentry$$0000000A) for .ARM.Collect$$rtentry$$0000000A
    rtentry2.o(.ARM.exidx) refers to rtentry2.o(.ARM.Collect$$rtentry$$0000000B) for .ARM.Collect$$rtentry$$0000000B
    rtentry2.o(.ARM.exidx) refers to rtentry2.o(.ARM.Collect$$rtentry$$0000000D) for .ARM.Collect$$rtentry$$0000000D
    rtentry4.o(.ARM.Collect$$rtentry$$00000004) refers to sys_stackheap_outer.o(.text) for __user_setup_stackheap
    rtentry4.o(.ARM.exidx) refers to rtentry4.o(.ARM.Collect$$rtentry$$00000004) for .ARM.Collect$$rtentry$$00000004
    sys_stackheap_outer.o(.text) refers to libspace.o(.text) for __user_perproc_libspace
    sys_stackheap_outer.o(.text) refers to startup.o(.text) for __user_initial_stackheap
    exit.o(.text) refers to rtexit.o(.ARM.Collect$$rtexit$$00000000) for __rt_exit
    libinit.o(.ARM.Collect$$libinit$$00000000) refers (Special) to libinit2.o(.ARM.Collect$$libinit$$0000002C) for __rt_lib_init_alloca_1
    libinit.o(.ARM.Collect$$libinit$$00000000) refers (Special) to libinit2.o(.ARM.Collect$$libinit$$0000002A) for __rt_lib_init_argv_1
    libinit.o(.ARM.Collect$$libinit$$00000000) refers (Special) to libinit2.o(.ARM.Collect$$libinit$$00000019) for __rt_lib_init_atexit_1
    libinit.o(.ARM.Collect$$libinit$$00000000) refers (Special) to libinit2.o(.ARM.Collect$$libinit$$0000001F) for __rt_lib_init_clock_1
    libinit.o(.ARM.Collect$$libinit$$00000000) refers (Special) to libinit2.o(.ARM.Collect$$libinit$$00000030) for __rt_lib_init_cpp_1
    libinit.o(.ARM.Collect$$libinit$$00000000) refers (Special) to libinit2.o(.ARM.Collect$$libinit$$0000002E) for __rt_lib_init_exceptions_1
    libinit.o(.ARM.Collect$$libinit$$00000000) refers (Special) to libinit2.o(.ARM.Collect$$libinit$$00000002) for __rt_lib_init_fp_1
    libinit.o(.ARM.Collect$$libinit$$00000000) refers (Special) to libinit2.o(.ARM.Collect$$libinit$$0000001D) for __rt_lib_init_fp_trap_1
    libinit.o(.ARM.Collect$$libinit$$00000000) refers (Special) to libinit2.o(.ARM.Collect$$libinit$$00000021) for __rt_lib_init_getenv_1
    libinit.o(.ARM.Collect$$libinit$$00000000) refers (Special) to libinit2.o(.ARM.Collect$$libinit$$00000008) for __rt_lib_init_heap_1
    libinit.o(.ARM.Collect$$libinit$$00000000) refers (Special) to libinit2.o(.ARM.Collect$$libinit$$0000000F) for __rt_lib_init_lc_collate_1
    libinit.o(.ARM.Collect$$libinit$$00000000) refers (Special) to libinit2.o(.ARM.Collect$$libinit$$00000011) for __rt_lib_init_lc_ctype_1
    libinit.o(.ARM.Collect$$libinit$$00000000) refers (Special) to libinit2.o(.ARM.Collect$$libinit$$00000013) for __rt_lib_init_lc_monetary_1
    libinit.o(.ARM.Collect$$libinit$$00000000) refers (Special) to libinit2.o(.ARM.Collect$$libinit$$00000015) for __rt_lib_init_lc_numeric_1
    libinit.o(.ARM.Collect$$libinit$$00000000) refers (Special) to libinit2.o(.ARM.Collect$$libinit$$00000017) for __rt_lib_init_lc_time_1
    libinit.o(.ARM.Collect$$libinit$$00000000) refers (Special) to libinit2.o(.ARM.Collect$$libinit$$0000000C) for __rt_lib_init_rand_1
    libinit.o(.ARM.Collect$$libinit$$00000000) refers (Special) to libinit2.o(.ARM.Collect$$libinit$$00000031) for __rt_lib_init_return
    libinit.o(.ARM.Collect$$libinit$$00000000) refers (Special) to libinit2.o(.ARM.Collect$$libinit$$0000001B) for __rt_lib_init_signal_1
    libinit.o(.ARM.Collect$$libinit$$00000000) refers (Special) to libinit2.o(.ARM.Collect$$libinit$$00000023) for __rt_lib_init_stdio_1
    libinit.o(.ARM.Collect$$libinit$$00000000) refers (Special) to libinit2.o(.ARM.Collect$$libinit$$0000000A) for __rt_lib_init_user_alloc_1
    libspace.o(.text) refers to libspace.o(.bss) for __libspace_start
    rtexit.o(.ARM.Collect$$rtexit$$00000000) refers (Special) to rtexit2.o(.ARM.Collect$$rtexit$$00000004) for __rt_exit_exit
    rtexit.o(.ARM.Collect$$rtexit$$00000000) refers (Special) to rtexit2.o(.ARM.Collect$$rtexit$$00000003) for __rt_exit_ls
    rtexit.o(.ARM.Collect$$rtexit$$00000000) refers (Special) to rtexit2.o(.ARM.Collect$$rtexit$$00000002) for __rt_exit_prels_1
    rtexit.o(.ARM.exidx) refers (Special) to rtexit2.o(.ARM.Collect$$rtexit$$00000004) for __rt_exit_exit
    rtexit.o(.ARM.exidx) refers (Special) to rtexit2.o(.ARM.Collect$$rtexit$$00000003) for __rt_exit_ls
    rtexit.o(.ARM.exidx) refers (Special) to rtexit2.o(.ARM.Collect$$rtexit$$00000002) for __rt_exit_prels_1
    rtexit.o(.ARM.exidx) refers to rtexit.o(.ARM.Collect$$rtexit$$00000000) for .ARM.Collect$$rtexit$$00000000
    libinit2.o(.ARM.Collect$$libinit$$0000000E) refers to libinit2.o(.ARM.Collect$$libinit$$0000000D) for .ARM.Collect$$libinit$$0000000D
    libinit2.o(.ARM.Collect$$libinit$$00000010) refers to libinit2.o(.ARM.Collect$$libinit$$0000000D) for .ARM.Collect$$libinit$$0000000D
    libinit2.o(.ARM.Collect$$libinit$$00000012) refers to libinit2.o(.ARM.Collect$$libinit$$0000000D) for .ARM.Collect$$libinit$$0000000D
    libinit2.o(.ARM.Collect$$libinit$$00000014) refers to libinit2.o(.ARM.Collect$$libinit$$0000000D) for .ARM.Collect$$libinit$$0000000D
    libinit2.o(.ARM.Collect$$libinit$$00000016) refers to libinit2.o(.ARM.Collect$$libinit$$0000000D) for .ARM.Collect$$libinit$$0000000D
    libinit2.o(.ARM.Collect$$libinit$$00000024) refers to argv_veneer.o(.emb_text) for __ARM_argv_veneer
    libinit2.o(.ARM.Collect$$libinit$$00000025) refers to argv_veneer.o(.emb_text) for __ARM_argv_veneer
    rtexit2.o(.ARM.Collect$$rtexit$$00000003) refers to libshutdown.o(.ARM.Collect$$libshutdown$$00000000) for __rt_lib_shutdown
    rtexit2.o(.ARM.Collect$$rtexit$$00000004) refers to sys_exit.o(.text) for _sys_exit
    rtexit2.o(.ARM.exidx) refers to rtexit2.o(.ARM.Collect$$rtexit$$00000001) for .ARM.Collect$$rtexit$$00000001
    rtexit2.o(.ARM.exidx) refers to rtexit2.o(.ARM.Collect$$rtexit$$00000003) for .ARM.Collect$$rtexit$$00000003
    rtexit2.o(.ARM.exidx) refers to rtexit2.o(.ARM.Collect$$rtexit$$00000004) for .ARM.Collect$$rtexit$$00000004
    argv_veneer.o(.emb_text) refers to no_argv.o(.text) for __ARM_get_argv
    sys_exit.o(.text) refers (Special) to use_no_semi.o(.text) for __I$use$semihosting
    sys_exit.o(.text) refers (Special) to indicate_semi.o(.text) for __semihosting_library_function
    _get_argv_nomalloc.o(.text) refers (Special) to hrguard.o(.text) for __heap_region$guard
    _get_argv_nomalloc.o(.text) refers to defsig_rtmem_outer.o(.text) for __rt_SIGRTMEM
    _get_argv_nomalloc.o(.text) refers to sys_command.o(.text) for _sys_command_string
    libshutdown.o(.ARM.Collect$$libshutdown$$00000000) refers (Special) to libshutdown2.o(.ARM.Collect$$libshutdown$$00000006) for __rt_lib_shutdown_fp_trap_1
    libshutdown.o(.ARM.Collect$$libshutdown$$00000000) refers (Special) to libshutdown2.o(.ARM.Collect$$libshutdown$$0000000E) for __rt_lib_shutdown_heap_1
    libshutdown.o(.ARM.Collect$$libshutdown$$00000000) refers (Special) to libshutdown2.o(.ARM.Collect$$libshutdown$$0000000F) for __rt_lib_shutdown_return
    libshutdown.o(.ARM.Collect$$libshutdown$$00000000) refers (Special) to libshutdown2.o(.ARM.Collect$$libshutdown$$00000009) for __rt_lib_shutdown_signal_1
    libshutdown.o(.ARM.Collect$$libshutdown$$00000000) refers (Special) to libshutdown2.o(.ARM.Collect$$libshutdown$$00000003) for __rt_lib_shutdown_stdio_1
    libshutdown.o(.ARM.Collect$$libshutdown$$00000000) refers (Special) to libshutdown2.o(.ARM.Collect$$libshutdown$$0000000B) for __rt_lib_shutdown_user_alloc_1
    sys_command.o(.text) refers (Special) to use_no_semi.o(.text) for __I$use$semihosting
    sys_command.o(.text) refers (Special) to indicate_semi.o(.text) for __semihosting_library_function
    defsig_rtmem_outer.o(.text) refers to defsig_rtmem_inner.o(.text) for __rt_SIGRTMEM_inner
    defsig_rtmem_outer.o(.text) refers to defsig_exit.o(.text) for __sig_exit
    defsig_rtmem_formal.o(.text) refers to rt_raise.o(.text) for __rt_raise
    rt_raise.o(.text) refers to __raise.o(.text) for __raise
    rt_raise.o(.text) refers to sys_exit.o(.text) for _sys_exit
    defsig_exit.o(.text) refers to sys_exit.o(.text) for _sys_exit
    defsig_rtmem_inner.o(.text) refers to defsig_general.o(.text) for __default_signal_display
    __raise.o(.text) refers to defsig.o(CL$$defsig) for __default_signal_handler
    defsig_general.o(.text) refers to sys_wrch.o(.text) for _ttywrch
    sys_wrch.o(.text) refers (Special) to use_no_semi.o(.text) for __I$use$semihosting
    sys_wrch.o(.text) refers (Special) to indicate_semi.o(.text) for __semihosting_library_function
    defsig.o(CL$$defsig) refers to defsig_rtmem_inner.o(.text) for __rt_SIGRTMEM_inner
    defsig_abrt_inner.o(.text) refers to defsig_general.o(.text) for __default_signal_display
    defsig_fpe_inner.o(.text) refers to defsig_general.o(.text) for __default_signal_display
    defsig_rtred_inner.o(.text) refers to defsig_general.o(.text) for __default_signal_display
    defsig_stak_inner.o(.text) refers to defsig_general.o(.text) for __default_signal_display
    defsig_pvfn_inner.o(.text) refers to defsig_general.o(.text) for __default_signal_display
    defsig_cppl_inner.o(.text) refers to defsig_general.o(.text) for __default_signal_display
    defsig_segv_inner.o(.text) refers to defsig_general.o(.text) for __default_signal_display
    defsig_other.o(.text) refers to defsig_general.o(.text) for __default_signal_display


==============================================================================

Removing Unused input sections from the image.

    Removing nokia5110.o(i.Nokia5110_ClearPixel), (68 bytes).
    Removing nokia5110.o(i.Nokia5110_OutUDec), (412 bytes).
    Removing nokia5110.o(i.Nokia5110_SetPixel), (68 bytes).
    Removing spaceinvaders.o(i.Timer2_Init), (112 bytes).
    Removing spaceinvaders.o(i.main_1), (280 bytes).
    Removing texas.o(i.SetMode), (24 bytes).
    Removing texas.o(i.StartTimer4), (36 bytes).
    Removing texas.o(i.StopTimer4), (24 bytes).
    Removing texas.o(i.TExaS_Stop), (28 bytes).
    Removing texas.o(i.UART0_InChar), (24 bytes).
    Removing texas.o(i.UART0_InCharNonBlocking), (28 bytes).
    Removing texas.o(i.UART0_OutChar), (24 bytes).
    Removing texas.o(i.UART0_OutCharNonBlock), (12 bytes).
    Removing texas.o(i.copy), (18 bytes).

14 unused section(s) (total 1158 bytes) removed from the image.

==============================================================================

Image Symbol Table

    Local Symbols

    Symbol Name                              Value     Ov Type        Size  Object(Section)

    RESET                                    0x00000000   Section      644  startup.o(RESET)
    ../clib/angel/boardlib.s                 0x00000000   Number         0  boardinit1.o ABSOLUTE
    ../clib/angel/boardlib.s                 0x00000000   Number         0  boardshut.o ABSOLUTE
    ../clib/angel/boardlib.s                 0x00000000   Number         0  boardinit2.o ABSOLUTE
    ../clib/angel/boardlib.s                 0x00000000   Number         0  boardinit3.o ABSOLUTE
    ../clib/angel/handlers.s                 0x00000000   Number         0  __scatter_copy.o ABSOLUTE
    ../clib/angel/handlers.s                 0x00000000   Number         0  __scatter_zi.o ABSOLUTE
    ../clib/angel/kernel.s                   0x00000000   Number         0  rtexit.o ABSOLUTE
    ../clib/angel/kernel.s                   0x00000000   Number         0  rtentry.o ABSOLUTE
    ../clib/angel/kernel.s                   0x00000000   Number         0  rtentry4.o ABSOLUTE
    ../clib/angel/kernel.s                   0x00000000   Number         0  rtentry2.o ABSOLUTE
    ../clib/angel/kernel.s                   0x00000000   Number         0  rtexit2.o ABSOLUTE
    ../clib/angel/rt.s                       0x00000000   Number         0  rt_raise.o ABSOLUTE
    ../clib/angel/scatter.s                  0x00000000   Number         0  __scatter.o ABSOLUTE
    ../clib/angel/startup.s                  0x00000000   Number         0  __main.o ABSOLUTE
    ../clib/angel/sys.s                      0x00000000   Number         0  libspace.o ABSOLUTE
    ../clib/angel/sys.s                      0x00000000   Number         0  sys_stackheap_outer.o ABSOLUTE
    ../clib/angel/sys.s                      0x00000000   Number         0  indicate_semi.o ABSOLUTE
    ../clib/angel/sys.s                      0x00000000   Number         0  use_no_semi.o ABSOLUTE
    ../clib/angel/sysapp.c                   0x00000000   Number         0  sys_command.o ABSOLUTE
    ../clib/angel/sysapp.c                   0x00000000   Number         0  sys_exit.o ABSOLUTE
    ../clib/angel/sysapp.c                   0x00000000   Number         0  sys_wrch.o ABSOLUTE
    ../clib/armsys.c                         0x00000000   Number         0  _get_argv_nomalloc.o ABSOLUTE
    ../clib/armsys.c                         0x00000000   Number         0  no_argv.o ABSOLUTE
    ../clib/armsys.c                         0x00000000   Number         0  argv_veneer.o ABSOLUTE
    ../clib/armsys.c                         0x00000000   Number         0  argv_veneer.o ABSOLUTE
    ../clib/heapalloc.c                      0x00000000   Number         0  hrguard.o ABSOLUTE
    ../clib/heapaux.c                        0x00000000   Number         0  heapauxi.o ABSOLUTE
    ../clib/libinit.s                        0x00000000   Number         0  libinit2.o ABSOLUTE
    ../clib/libinit.s                        0x00000000   Number         0  libshutdown.o ABSOLUTE
    ../clib/libinit.s                        0x00000000   Number         0  libshutdown2.o ABSOLUTE
    ../clib/libinit.s                        0x00000000   Number         0  libinit.o ABSOLUTE
    ../clib/memcpset.s                       0x00000000   Number         0  rt_memcpy_w.o ABSOLUTE
    ../clib/signal.c                         0x00000000   Number         0  defsig_stak_inner.o ABSOLUTE
    ../clib/signal.c                         0x00000000   Number         0  defsig_fpe_inner.o ABSOLUTE
    ../clib/signal.c                         0x00000000   Number         0  defsig_abrt_inner.o ABSOLUTE
    ../clib/signal.c                         0x00000000   Number         0  defsig_general.o ABSOLUTE
    ../clib/signal.c                         0x00000000   Number         0  __raise.o ABSOLUTE
    ../clib/signal.c                         0x00000000   Number         0  defsig_rtmem_inner.o ABSOLUTE
    ../clib/signal.c                         0x00000000   Number         0  defsig_exit.o ABSOLUTE
    ../clib/signal.c                         0x00000000   Number         0  defsig_rtmem_formal.o ABSOLUTE
    ../clib/signal.c                         0x00000000   Number         0  defsig_rtmem_outer.o ABSOLUTE
    ../clib/signal.c                         0x00000000   Number         0  defsig_rtred_inner.o ABSOLUTE
    ../clib/signal.c                         0x00000000   Number         0  defsig_other.o ABSOLUTE
    ../clib/signal.c                         0x00000000   Number         0  defsig_segv_inner.o ABSOLUTE
    ../clib/signal.c                         0x00000000   Number         0  defsig_cppl_inner.o ABSOLUTE
    ../clib/signal.c                         0x00000000   Number         0  defsig_pvfn_inner.o ABSOLUTE
    ../clib/signal.s                         0x00000000   Number         0  defsig.o ABSOLUTE
    ../clib/stdlib.c                         0x00000000   Number         0  exit.o ABSOLUTE
    ../fplib/fpinit.s                        0x00000000   Number         0  fpinit.o ABSOLUTE
    Nokia5110.c                              0x00000000   Number         0  nokia5110.o ABSOLUTE
    SpaceInvaders.c                          0x00000000   Number         0  spaceinvaders.o ABSOLUTE
    TExaS.c                                  0x00000000   Number         0  texas.o ABSOLUTE
    dc.s                                     0x00000000   Number         0  dc.o ABSOLUTE
    random.s                                 0x00000000   Number         0  random.o ABSOLUTE
    startup.s                                0x00000000   Number         0  startup.o ABSOLUTE
    !!!main                                  0x00000284   Section        8  __main.o(!!!main)
    !!!scatter                               0x0000028c   Section       52  __scatter.o(!!!scatter)
    !!handler_copy                           0x000002c0   Section       26  __scatter_copy.o(!!handler_copy)
    !!handler_zi                             0x000002dc   Section       28  __scatter_zi.o(!!handler_zi)
    .ARM.Collect$$libinit$$00000000          0x000002f8   Section        2  libinit.o(.ARM.Collect$$libinit$$00000000)
    .ARM.Collect$$libinit$$00000002          0x000002fa   Section        0  libinit2.o(.ARM.Collect$$libinit$$00000002)
    .ARM.Collect$$libinit$$00000008          0x000002fa   Section        0  libinit2.o(.ARM.Collect$$libinit$$00000008)
    .ARM.Collect$$libinit$$0000000A          0x000002fa   Section        0  libinit2.o(.ARM.Collect$$libinit$$0000000A)
    .ARM.Collect$$libinit$$0000000C          0x000002fa   Section        0  libinit2.o(.ARM.Collect$$libinit$$0000000C)
    .ARM.Collect$$libinit$$0000000F          0x000002fa   Section        0  libinit2.o(.ARM.Collect$$libinit$$0000000F)
    .ARM.Collect$$libinit$$00000011          0x000002fa   Section        0  libinit2.o(.ARM.Collect$$libinit$$00000011)
    .ARM.Collect$$libinit$$00000013          0x000002fa   Section        0  libinit2.o(.ARM.Collect$$libinit$$00000013)
    .ARM.Collect$$libinit$$00000015          0x000002fa   Section        0  libinit2.o(.ARM.Collect$$libinit$$00000015)
    .ARM.Collect$$libinit$$00000017          0x000002fa   Section        0  libinit2.o(.ARM.Collect$$libinit$$00000017)
    .ARM.Collect$$libinit$$00000019          0x000002fa   Section        0  libinit2.o(.ARM.Collect$$libinit$$00000019)
    .ARM.Collect$$libinit$$0000001B          0x000002fa   Section        0  libinit2.o(.ARM.Collect$$libinit$$0000001B)
    .ARM.Collect$$libinit$$0000001D          0x000002fa   Section        0  libinit2.o(.ARM.Collect$$libinit$$0000001D)
    .ARM.Collect$$libinit$$0000001F          0x000002fa   Section        0  libinit2.o(.ARM.Collect$$libinit$$0000001F)
    .ARM.Collect$$libinit$$00000021          0x000002fa   Section        0  libinit2.o(.ARM.Collect$$libinit$$00000021)
    .ARM.Collect$$libinit$$00000023          0x000002fa   Section        0  libinit2.o(.ARM.Collect$$libinit$$00000023)
    .ARM.Collect$$libinit$$0000002A          0x000002fa   Section        0  libinit2.o(.ARM.Collect$$libinit$$0000002A)
    .ARM.Collect$$libinit$$0000002C          0x000002fa   Section        0  libinit2.o(.ARM.Collect$$libinit$$0000002C)
    .ARM.Collect$$libinit$$0000002E          0x000002fa   Section        0  libinit2.o(.ARM.Collect$$libinit$$0000002E)
    .ARM.Collect$$libinit$$00000030          0x000002fa   Section        0  libinit2.o(.ARM.Collect$$libinit$$00000030)
    .ARM.Collect$$libinit$$00000031          0x000002fa   Section        2  libinit2.o(.ARM.Collect$$libinit$$00000031)
    .ARM.Collect$$libshutdown$$00000000      0x000002fc   Section        2  libshutdown.o(.ARM.Collect$$libshutdown$$00000000)
    .ARM.Collect$$libshutdown$$00000003      0x000002fe   Section        0  libshutdown2.o(.ARM.Collect$$libshutdown$$00000003)
    .ARM.Collect$$libshutdown$$00000006      0x000002fe   Section        0  libshutdown2.o(.ARM.Collect$$libshutdown$$00000006)
    .ARM.Collect$$libshutdown$$00000009      0x000002fe   Section        0  libshutdown2.o(.ARM.Collect$$libshutdown$$00000009)
    .ARM.Collect$$libshutdown$$0000000B      0x000002fe   Section        0  libshutdown2.o(.ARM.Collect$$libshutdown$$0000000B)
    .ARM.Collect$$libshutdown$$0000000E      0x000002fe   Section        0  libshutdown2.o(.ARM.Collect$$libshutdown$$0000000E)
    .ARM.Collect$$libshutdown$$0000000F      0x000002fe   Section        2  libshutdown2.o(.ARM.Collect$$libshutdown$$0000000F)
    .ARM.Collect$$rtentry$$00000000          0x00000300   Section        0  rtentry.o(.ARM.Collect$$rtentry$$00000000)
    .ARM.Collect$$rtentry$$00000002          0x00000300   Section        0  rtentry2.o(.ARM.Collect$$rtentry$$00000002)
    .ARM.Collect$$rtentry$$00000004          0x00000300   Section        6  rtentry4.o(.ARM.Collect$$rtentry$$00000004)
    .ARM.Collect$$rtentry$$00000009          0x00000306   Section        0  rtentry2.o(.ARM.Collect$$rtentry$$00000009)
    .ARM.Collect$$rtentry$$0000000A          0x00000306   Section        4  rtentry2.o(.ARM.Collect$$rtentry$$0000000A)
    .ARM.Collect$$rtentry$$0000000C          0x0000030a   Section        0  rtentry2.o(.ARM.Collect$$rtentry$$0000000C)
    .ARM.Collect$$rtentry$$0000000D          0x0000030a   Section        8  rtentry2.o(.ARM.Collect$$rtentry$$0000000D)
    .ARM.Collect$$rtexit$$00000000           0x00000312   Section        2  rtexit.o(.ARM.Collect$$rtexit$$00000000)
    .ARM.Collect$$rtexit$$00000002           0x00000314   Section        0  rtexit2.o(.ARM.Collect$$rtexit$$00000002)
    .ARM.Collect$$rtexit$$00000003           0x00000314   Section        4  rtexit2.o(.ARM.Collect$$rtexit$$00000003)
    .ARM.Collect$$rtexit$$00000004           0x00000318   Section        6  rtexit2.o(.ARM.Collect$$rtexit$$00000004)
    .text                                    0x00000320   Section       48  startup.o(.text)
    .text                                    0x00000350   Section       60  random.o(.text)
    .text                                    0x0000038c   Section      100  rt_memcpy_w.o(.text)
    .text                                    0x000003f0   Section        0  heapauxi.o(.text)
    .text                                    0x000003f6   Section       74  sys_stackheap_outer.o(.text)
    .text                                    0x00000440   Section        0  exit.o(.text)
    .text                                    0x0000044c   Section        8  libspace.o(.text)
    .text                                    0x00000454   Section        0  sys_exit.o(.text)
    .text                                    0x00000460   Section        2  use_no_semi.o(.text)
    .text                                    0x00000462   Section        0  indicate_semi.o(.text)
    i.ADC0_InSeq3                            0x00000464   Section        0  spaceinvaders.o(i.ADC0_InSeq3)
    i.ADC0_Init                              0x00000490   Section        0  spaceinvaders.o(i.ADC0_Init)
    i.ADC1_In                                0x0000055c   Section        0  texas.o(i.ADC1_In)
    i.ADC1_Init                              0x00000568   Section        0  texas.o(i.ADC1_Init)
    i.Add_Collision_Detection_Effect         0x0000063c   Section        0  spaceinvaders.o(i.Add_Collision_Detection_Effect)
    i.Calibrate_Stick                        0x000007d8   Section        0  spaceinvaders.o(i.Calibrate_Stick)
    i.Control_ExplosionArray                 0x000008e4   Section        0  spaceinvaders.o(i.Control_ExplosionArray)
    i.Delay100ms                             0x0000091c   Section        0  spaceinvaders.o(i.Delay100ms)
    i.Get_New_Player_Position                0x00000940   Section        0  spaceinvaders.o(i.Get_New_Player_Position)
    i.Get_Next_Sprite                        0x000009c4   Section        0  spaceinvaders.o(i.Get_Next_Sprite)
    i.Init_BulletArray                       0x00000acc   Section        0  spaceinvaders.o(i.Init_BulletArray)
    i.Init_BunkerArray                       0x00000b08   Section        0  spaceinvaders.o(i.Init_BunkerArray)
    i.Init_EnemyArray                        0x00000b54   Section        0  spaceinvaders.o(i.Init_EnemyArray)
    i.Init_ExplosionArray                    0x00000bcc   Section        0  spaceinvaders.o(i.Init_ExplosionArray)
    i.Init_Player                            0x00000c08   Section        0  spaceinvaders.o(i.Init_Player)
    i.Move_BulletArray                       0x00000c28   Section        0  spaceinvaders.o(i.Move_BulletArray)
    i.Move_EnemyArray                        0x00000cf8   Section        0  spaceinvaders.o(i.Move_EnemyArray)
    i.Nokia5110_Clear                        0x00000db8   Section        0  nokia5110.o(i.Nokia5110_Clear)
    i.Nokia5110_ClearBuffer                  0x00000dd8   Section        0  nokia5110.o(i.Nokia5110_ClearBuffer)
    i.Nokia5110_DisplayBuffer                0x00000df0   Section        0  nokia5110.o(i.Nokia5110_DisplayBuffer)
    i.Nokia5110_DrawFullImage                0x00000e00   Section        0  nokia5110.o(i.Nokia5110_DrawFullImage)
    i.Nokia5110_Init                         0x00000e24   Section        0  nokia5110.o(i.Nokia5110_Init)
    i.Nokia5110_OutChar                      0x00000f90   Section        0  nokia5110.o(i.Nokia5110_OutChar)
    i.Nokia5110_OutString                    0x00000fc8   Section        0  nokia5110.o(i.Nokia5110_OutString)
    i.Nokia5110_PrintBMP                     0x00000fe0   Section        0  nokia5110.o(i.Nokia5110_PrintBMP)
    i.Nokia5110_SetCursor                    0x00001188   Section        0  nokia5110.o(i.Nokia5110_SetCursor)
    i.PLL_Init                               0x000011b8   Section        0  texas.o(i.PLL_Init)
    i.Print_SpriteArray                      0x00001234   Section        0  spaceinvaders.o(i.Print_SpriteArray)
    i.Return_Next_Move_Num                   0x00001266   Section        0  spaceinvaders.o(i.Return_Next_Move_Num)
    i.SetCode                                0x00001290   Section        0  texas.o(i.SetCode)
    i.SetCourse                              0x000012a8   Section        0  texas.o(i.SetCourse)
    i.Shoot_BulletArray                      0x000012c0   Section        0  spaceinvaders.o(i.Shoot_BulletArray)
    i.Show_Gameover                          0x00001400   Section        0  spaceinvaders.o(i.Show_Gameover)
    i.Show_YouWin                            0x00001458   Section        0  spaceinvaders.o(i.Show_YouWin)
    i.SysTick_Handler                        0x00001494   Section        0  spaceinvaders.o(i.SysTick_Handler)
    i.SysTick_Init                           0x000014c8   Section        0  spaceinvaders.o(i.SysTick_Init)
    i.TExaS_Init                             0x00001558   Section        0  texas.o(i.TExaS_Init)
    i.Timer2A_Handler                        0x0000171c   Section        0  spaceinvaders.o(i.Timer2A_Handler)
    i.Timer4A_Handler                        0x00001740   Section        0  texas.o(i.Timer4A_Handler)
    i.Timer5A_Handler                        0x00001760   Section        0  texas.o(i.Timer5A_Handler)
    i.UART0_Init                             0x00001790   Section        0  texas.o(i.UART0_Init)
    i._get_sprite_wide                       0x00001850   Section        0  spaceinvaders.o(i._get_sprite_wide)
    i._is_bullet_hit_against_bunker          0x000018ac   Section        0  spaceinvaders.o(i._is_bullet_hit_against_bunker)
    i._is_bullet_hit_against_enemy           0x00001940   Section        0  spaceinvaders.o(i._is_bullet_hit_against_enemy)
    i._is_bullet_hit_against_player          0x000019ac   Section        0  spaceinvaders.o(i._is_bullet_hit_against_player)
    i._is_laser                              0x00001a0c   Section        0  spaceinvaders.o(i._is_laser)
    i.are_all_enemy_dead                     0x00001a30   Section        0  spaceinvaders.o(i.are_all_enemy_dead)
    i.is_controler_in_middle                 0x00001a70   Section        0  spaceinvaders.o(i.is_controler_in_middle)
    i.is_playrer_dead                        0x00001a94   Section        0  spaceinvaders.o(i.is_playrer_dead)
    i.lcdwrite                               0x00001ac4   Section        0  nokia5110.o(i.lcdwrite)
    lcdwrite                                 0x00001ac5   Thumb Code    66  nokia5110.o(i.lcdwrite)
    i.main                                   0x00001b10   Section        0  spaceinvaders.o(i.main)
    .constdata                               0x00001c88   Section      480  nokia5110.o(.constdata)
    ASCII                                    0x00001c88   Data         480  nokia5110.o(.constdata)
    .constdata                               0x00001e68   Section     4432  spaceinvaders.o(.constdata)
    ASCII                                    0x00001e68   Data         480  spaceinvaders.o(.constdata)
    .constdata                               0x00002fb8   Section      360  texas.o(.constdata)
    .data                                    0x20000000   Section       60  spaceinvaders.o(.data)
    counter_for_bullet                       0x2000000c   Data           4  spaceinvaders.o(.data)
    bullet_counter                           0x20000010   Data           4  spaceinvaders.o(.data)
    .data                                    0x2000003c   Section       52  texas.o(.data)
    DATA                                     0x20000070   Section        4  random.o(DATA)
    M                                        0x20000070   Data           4  random.o(DATA)
    .bss                                     0x20000074   Section      504  nokia5110.o(.bss)
    .bss                                     0x2000026c   Section      512  spaceinvaders.o(.bss)
    Player                                   0x2000026c   Data          16  spaceinvaders.o(.bss)
    EnemyArray                               0x2000027c   Data          80  spaceinvaders.o(.bss)
    BulletArray                              0x200002cc   Data         160  spaceinvaders.o(.bss)
    ExplosionArray                           0x2000036c   Data          96  spaceinvaders.o(.bss)
    BunkerArray                              0x200003cc   Data         160  spaceinvaders.o(.bss)
    .bss                                     0x20000470   Section       56  texas.o(.bss)
    .bss                                     0x200004a8   Section       96  libspace.o(.bss)
    HEAP                                     0x20000508   Section        0  startup.o(HEAP)
    STACK                                    0x20000508   Section     1024  startup.o(STACK)
    HeapMem                                  0x20000508   Data           0  startup.o(HEAP)
    StackMem                                 0x20000508   Data           0  startup.o(STACK)

    Global Symbols

    Symbol Name                              Value     Ov Type        Size  Object(Section)

    BuildAttributes$$THM_ISAv4$E$P$D$K$B$S$7EM$PE$A:L22UL41UL21$X:L11$S22US41US21$IEEE1$IW$USESV6$~STKCKD$USESV7$~SHL$OSPACE$ROPI$EBA8$UX$STANDARDLIB$REQ8$PRES8$EABIv2 0x00000000   Number         0  anon$$obj.o ABSOLUTE
    __ARM_use_no_argv                        0x00000000   Number         0  spaceinvaders.o ABSOLUTE
    __Vectors                                0x00000000   Data           0  startup.o(RESET)
    __ARM_exceptions_init                     - Undefined Weak Reference
    __alloca_initialize                       - Undefined Weak Reference
    __cpp_initialize__aeabi_                  - Undefined Weak Reference
    __cxa_finalize                            - Undefined Weak Reference
    __rt_locale                               - Undefined Weak Reference
    __sigvec_lookup                           - Undefined Weak Reference
    _atexit_init                              - Undefined Weak Reference
    _call_atexit_fns                          - Undefined Weak Reference
    _clock_init                               - Undefined Weak Reference
    _fp_trap_init                             - Undefined Weak Reference
    _fp_trap_shutdown                         - Undefined Weak Reference
    _get_lc_collate                           - Undefined Weak Reference
    _get_lc_ctype                             - Undefined Weak Reference
    _get_lc_monetary                          - Undefined Weak Reference
    _get_lc_numeric                           - Undefined Weak Reference
    _get_lc_time                              - Undefined Weak Reference
    _getenv_init                              - Undefined Weak Reference
    _handle_redirection                       - Undefined Weak Reference
    _init_alloc                               - Undefined Weak Reference
    _init_user_alloc                          - Undefined Weak Reference
    _initio                                   - Undefined Weak Reference
    _rand_init                                - Undefined Weak Reference
    _signal_finish                            - Undefined Weak Reference
    _signal_init                              - Undefined Weak Reference
    _terminate_alloc                          - Undefined Weak Reference
    _terminate_user_alloc                     - Undefined Weak Reference
    _terminateio                              - Undefined Weak Reference
    Reset_Handler                            0x0000026d   Thumb Code     0  startup.o(RESET)
    NMI_Handler                              0x00000271   Thumb Code     2  startup.o(RESET)
    HardFault_Handler                        0x00000273   Thumb Code     2  startup.o(RESET)
    MemManage_Handler                        0x00000275   Thumb Code     2  startup.o(RESET)
    BusFault_Handler                         0x00000277   Thumb Code     2  startup.o(RESET)
    UsageFault_Handler                       0x00000279   Thumb Code     2  startup.o(RESET)
    SVC_Handler                              0x0000027b   Thumb Code     2  startup.o(RESET)
    DebugMon_Handler                         0x0000027d   Thumb Code     2  startup.o(RESET)
    PendSV_Handler                           0x0000027f   Thumb Code     2  startup.o(RESET)
    ADC0Seq0_Handler                         0x00000283   Thumb Code     0  startup.o(RESET)
    ADC0Seq1_Handler                         0x00000283   Thumb Code     0  startup.o(RESET)
    ADC0Seq2_Handler                         0x00000283   Thumb Code     0  startup.o(RESET)
    ADC0Seq3_Handler                         0x00000283   Thumb Code     0  startup.o(RESET)
    ADC1Seq0_Handler                         0x00000283   Thumb Code     0  startup.o(RESET)
    ADC1Seq1_Handler                         0x00000283   Thumb Code     0  startup.o(RESET)
    ADC1Seq2_Handler                         0x00000283   Thumb Code     0  startup.o(RESET)
    ADC1Seq3_Handler                         0x00000283   Thumb Code     0  startup.o(RESET)
    CAN0_Handler                             0x00000283   Thumb Code     0  startup.o(RESET)
    CAN1_Handler                             0x00000283   Thumb Code     0  startup.o(RESET)
    CAN2_Handler                             0x00000283   Thumb Code     0  startup.o(RESET)
    Comp0_Handler                            0x00000283   Thumb Code     0  startup.o(RESET)
    Comp1_Handler                            0x00000283   Thumb Code     0  startup.o(RESET)
    Comp2_Handler                            0x00000283   Thumb Code     0  startup.o(RESET)
    Ethernet_Handler                         0x00000283   Thumb Code     0  startup.o(RESET)
    ExtBus_Handler                           0x00000283   Thumb Code     0  startup.o(RESET)
    FPU_Handler                              0x00000283   Thumb Code     0  startup.o(RESET)
    Fan0_Handler                             0x00000283   Thumb Code     0  startup.o(RESET)
    FlashCtl_Handler                         0x00000283   Thumb Code     0  startup.o(RESET)
    GPIOPortA_Handler                        0x00000283   Thumb Code     0  startup.o(RESET)
    GPIOPortB_Handler                        0x00000283   Thumb Code     0  startup.o(RESET)
    GPIOPortC_Handler                        0x00000283   Thumb Code     0  startup.o(RESET)
    GPIOPortD_Handler                        0x00000283   Thumb Code     0  startup.o(RESET)
    GPIOPortE_Handler                        0x00000283   Thumb Code     0  startup.o(RESET)
    GPIOPortF_Handler                        0x00000283   Thumb Code     0  startup.o(RESET)
    GPIOPortG_Handler                        0x00000283   Thumb Code     0  startup.o(RESET)
    GPIOPortH_Handler                        0x00000283   Thumb Code     0  startup.o(RESET)
    GPIOPortJ_Handler                        0x00000283   Thumb Code     0  startup.o(RESET)
    GPIOPortK_Handler                        0x00000283   Thumb Code     0  startup.o(RESET)
    GPIOPortL_Handler                        0x00000283   Thumb Code     0  startup.o(RESET)
    GPIOPortM_Handler                        0x00000283   Thumb Code     0  startup.o(RESET)
    GPIOPortN_Handler                        0x00000283   Thumb Code     0  startup.o(RESET)
    GPIOPortP1_Handler                       0x00000283   Thumb Code     0  startup.o(RESET)
    GPIOPortP2_Handler                       0x00000283   Thumb Code     0  startup.o(RESET)
    GPIOPortP3_Handler                       0x00000283   Thumb Code     0  startup.o(RESET)
    GPIOPortP4_Handler                       0x00000283   Thumb Code     0  startup.o(RESET)
    GPIOPortP5_Handler                       0x00000283   Thumb Code     0  startup.o(RESET)
    GPIOPortP6_Handler                       0x00000283   Thumb Code     0  startup.o(RESET)
    GPIOPortP7_Handler                       0x00000283   Thumb Code     0  startup.o(RESET)
    GPIOPortP_Handler                        0x00000283   Thumb Code     0  startup.o(RESET)
    GPIOPortQ1_Handler                       0x00000283   Thumb Code     0  startup.o(RESET)
    GPIOPortQ2_Handler                       0x00000283   Thumb Code     0  startup.o(RESET)
    GPIOPortQ3_Handler                       0x00000283   Thumb Code     0  startup.o(RESET)
    GPIOPortQ4_Handler                       0x00000283   Thumb Code     0  startup.o(RESET)
    GPIOPortQ5_Handler                       0x00000283   Thumb Code     0  startup.o(RESET)
    GPIOPortQ6_Handler                       0x00000283   Thumb Code     0  startup.o(RESET)
    GPIOPortQ7_Handler                       0x00000283   Thumb Code     0  startup.o(RESET)
    GPIOPortQ_Handler                        0x00000283   Thumb Code     0  startup.o(RESET)
    GPIOPortR_Handler                        0x00000283   Thumb Code     0  startup.o(RESET)
    GPIOPortS_Handler                        0x00000283   Thumb Code     0  startup.o(RESET)
    Hibernate_Handler                        0x00000283   Thumb Code     0  startup.o(RESET)
    I2C0_Handler                             0x00000283   Thumb Code     0  startup.o(RESET)
    I2C1_Handler                             0x00000283   Thumb Code     0  startup.o(RESET)
    I2C2_Handler                             0x00000283   Thumb Code     0  startup.o(RESET)
    I2C3_Handler                             0x00000283   Thumb Code     0  startup.o(RESET)
    I2C4_Handler                             0x00000283   Thumb Code     0  startup.o(RESET)
    I2C5_Handler                             0x00000283   Thumb Code     0  startup.o(RESET)
    I2S0_Handler                             0x00000283   Thumb Code     0  startup.o(RESET)
    LPC0_Handler                             0x00000283   Thumb Code     0  startup.o(RESET)
    PECI0_Handler                            0x00000283   Thumb Code     0  startup.o(RESET)
    PWM0Fault_Handler                        0x00000283   Thumb Code     0  startup.o(RESET)
    PWM0Generator0_Handler                   0x00000283   Thumb Code     0  startup.o(RESET)
    PWM0Generator1_Handler                   0x00000283   Thumb Code     0  startup.o(RESET)
    PWM0Generator2_Handler                   0x00000283   Thumb Code     0  startup.o(RESET)
    PWM0Generator3_Handler                   0x00000283   Thumb Code     0  startup.o(RESET)
    PWM1Fault_Handler                        0x00000283   Thumb Code     0  startup.o(RESET)
    PWM1Generator0_Handler                   0x00000283   Thumb Code     0  startup.o(RESET)
    PWM1Generator1_Handler                   0x00000283   Thumb Code     0  startup.o(RESET)
    PWM1Generator2_Handler                   0x00000283   Thumb Code     0  startup.o(RESET)
    PWM1Generator3_Handler                   0x00000283   Thumb Code     0  startup.o(RESET)
    Quadrature0_Handler                      0x00000283   Thumb Code     0  startup.o(RESET)
    Quadrature1_Handler                      0x00000283   Thumb Code     0  startup.o(RESET)
    Quadrature2_Handler                      0x00000283   Thumb Code     0  startup.o(RESET)
    SSI0_Handler                             0x00000283   Thumb Code     0  startup.o(RESET)
    SSI1_Handler                             0x00000283   Thumb Code     0  startup.o(RESET)
    SSI2_Handler                             0x00000283   Thumb Code     0  startup.o(RESET)
    SSI3_Handler                             0x00000283   Thumb Code     0  startup.o(RESET)
    SysCtl_Handler                           0x00000283   Thumb Code     0  startup.o(RESET)
    Timer0A_Handler                          0x00000283   Thumb Code     0  startup.o(RESET)
    Timer0B_Handler                          0x00000283   Thumb Code     0  startup.o(RESET)
    Timer1A_Handler                          0x00000283   Thumb Code     0  startup.o(RESET)
    Timer1B_Handler                          0x00000283   Thumb Code     0  startup.o(RESET)
    Timer2B_Handler                          0x00000283   Thumb Code     0  startup.o(RESET)
    Timer3A_Handler                          0x00000283   Thumb Code     0  startup.o(RESET)
    Timer3B_Handler                          0x00000283   Thumb Code     0  startup.o(RESET)
    Timer4B_Handler                          0x00000283   Thumb Code     0  startup.o(RESET)
    Timer5B_Handler                          0x00000283   Thumb Code     0  startup.o(RESET)
    UART0_Handler                            0x00000283   Thumb Code     0  startup.o(RESET)
    UART1_Handler                            0x00000283   Thumb Code     0  startup.o(RESET)
    UART2_Handler                            0x00000283   Thumb Code     0  startup.o(RESET)
    UART3_Handler                            0x00000283   Thumb Code     0  startup.o(RESET)
    UART4_Handler                            0x00000283   Thumb Code     0  startup.o(RESET)
    UART5_Handler                            0x00000283   Thumb Code     0  startup.o(RESET)
    UART6_Handler                            0x00000283   Thumb Code     0  startup.o(RESET)
    UART7_Handler                            0x00000283   Thumb Code     0  startup.o(RESET)
    USB0_Handler                             0x00000283   Thumb Code     0  startup.o(RESET)
    WDT_Handler                              0x00000283   Thumb Code     0  startup.o(RESET)
    WideTimer0A_Handler                      0x00000283   Thumb Code     0  startup.o(RESET)
    WideTimer0B_Handler                      0x00000283   Thumb Code     0  startup.o(RESET)
    WideTimer1A_Handler                      0x00000283   Thumb Code     0  startup.o(RESET)
    WideTimer1B_Handler                      0x00000283   Thumb Code     0  startup.o(RESET)
    WideTimer2A_Handler                      0x00000283   Thumb Code     0  startup.o(RESET)
    WideTimer2B_Handler                      0x00000283   Thumb Code     0  startup.o(RESET)
    WideTimer3A_Handler                      0x00000283   Thumb Code     0  startup.o(RESET)
    WideTimer3B_Handler                      0x00000283   Thumb Code     0  startup.o(RESET)
    WideTimer4A_Handler                      0x00000283   Thumb Code     0  startup.o(RESET)
    WideTimer4B_Handler                      0x00000283   Thumb Code     0  startup.o(RESET)
    WideTimer5A_Handler                      0x00000283   Thumb Code     0  startup.o(RESET)
    WideTimer5B_Handler                      0x00000283   Thumb Code     0  startup.o(RESET)
    uDMA_Error                               0x00000283   Thumb Code     0  startup.o(RESET)
    uDMA_Handler                             0x00000283   Thumb Code     0  startup.o(RESET)
    __main                                   0x00000285   Thumb Code     8  __main.o(!!!main)
    __scatterload                            0x0000028d   Thumb Code     0  __scatter.o(!!!scatter)
    __scatterload_rt2                        0x0000028d   Thumb Code    44  __scatter.o(!!!scatter)
    __scatterload_rt2_thumb_only             0x0000028d   Thumb Code     0  __scatter.o(!!!scatter)
    __scatterload_null                       0x0000029b   Thumb Code     0  __scatter.o(!!!scatter)
    __scatterload_copy                       0x000002c1   Thumb Code    26  __scatter_copy.o(!!handler_copy)
    __scatterload_zeroinit                   0x000002dd   Thumb Code    28  __scatter_zi.o(!!handler_zi)
    __rt_lib_init                            0x000002f9   Thumb Code     0  libinit.o(.ARM.Collect$$libinit$$00000000)
    __rt_lib_init_alloca_1                   0x000002fb   Thumb Code     0  libinit2.o(.ARM.Collect$$libinit$$0000002C)
    __rt_lib_init_argv_1                     0x000002fb   Thumb Code     0  libinit2.o(.ARM.Collect$$libinit$$0000002A)
    __rt_lib_init_atexit_1                   0x000002fb   Thumb Code     0  libinit2.o(.ARM.Collect$$libinit$$00000019)
    __rt_lib_init_clock_1                    0x000002fb   Thumb Code     0  libinit2.o(.ARM.Collect$$libinit$$0000001F)
    __rt_lib_init_cpp_1                      0x000002fb   Thumb Code     0  libinit2.o(.ARM.Collect$$libinit$$00000030)
    __rt_lib_init_exceptions_1               0x000002fb   Thumb Code     0  libinit2.o(.ARM.Collect$$libinit$$0000002E)
    __rt_lib_init_fp_1                       0x000002fb   Thumb Code     0  libinit2.o(.ARM.Collect$$libinit$$00000002)
    __rt_lib_init_fp_trap_1                  0x000002fb   Thumb Code     0  libinit2.o(.ARM.Collect$$libinit$$0000001D)
    __rt_lib_init_getenv_1                   0x000002fb   Thumb Code     0  libinit2.o(.ARM.Collect$$libinit$$00000021)
    __rt_lib_init_heap_1                     0x000002fb   Thumb Code     0  libinit2.o(.ARM.Collect$$libinit$$00000008)
    __rt_lib_init_lc_collate_1               0x000002fb   Thumb Code     0  libinit2.o(.ARM.Collect$$libinit$$0000000F)
    __rt_lib_init_lc_ctype_1                 0x000002fb   Thumb Code     0  libinit2.o(.ARM.Collect$$libinit$$00000011)
    __rt_lib_init_lc_monetary_1              0x000002fb   Thumb Code     0  libinit2.o(.ARM.Collect$$libinit$$00000013)
    __rt_lib_init_lc_numeric_1               0x000002fb   Thumb Code     0  libinit2.o(.ARM.Collect$$libinit$$00000015)
    __rt_lib_init_lc_time_1                  0x000002fb   Thumb Code     0  libinit2.o(.ARM.Collect$$libinit$$00000017)
    __rt_lib_init_rand_1                     0x000002fb   Thumb Code     0  libinit2.o(.ARM.Collect$$libinit$$0000000C)
    __rt_lib_init_return                     0x000002fb   Thumb Code     0  libinit2.o(.ARM.Collect$$libinit$$00000031)
    __rt_lib_init_signal_1                   0x000002fb   Thumb Code     0  libinit2.o(.ARM.Collect$$libinit$$0000001B)
    __rt_lib_init_stdio_1                    0x000002fb   Thumb Code     0  libinit2.o(.ARM.Collect$$libinit$$00000023)
    __rt_lib_init_user_alloc_1               0x000002fb   Thumb Code     0  libinit2.o(.ARM.Collect$$libinit$$0000000A)
    __rt_lib_shutdown                        0x000002fd   Thumb Code     0  libshutdown.o(.ARM.Collect$$libshutdown$$00000000)
    __rt_lib_shutdown_fp_trap_1              0x000002ff   Thumb Code     0  libshutdown2.o(.ARM.Collect$$libshutdown$$00000006)
    __rt_lib_shutdown_heap_1                 0x000002ff   Thumb Code     0  libshutdown2.o(.ARM.Collect$$libshutdown$$0000000E)
    __rt_lib_shutdown_return                 0x000002ff   Thumb Code     0  libshutdown2.o(.ARM.Collect$$libshutdown$$0000000F)
    __rt_lib_shutdown_signal_1               0x000002ff   Thumb Code     0  libshutdown2.o(.ARM.Collect$$libshutdown$$00000009)
    __rt_lib_shutdown_stdio_1                0x000002ff   Thumb Code     0  libshutdown2.o(.ARM.Collect$$libshutdown$$00000003)
    __rt_lib_shutdown_user_alloc_1           0x000002ff   Thumb Code     0  libshutdown2.o(.ARM.Collect$$libshutdown$$0000000B)
    __rt_entry                               0x00000301   Thumb Code     0  rtentry.o(.ARM.Collect$$rtentry$$00000000)
    __rt_entry_presh_1                       0x00000301   Thumb Code     0  rtentry2.o(.ARM.Collect$$rtentry$$00000002)
    __rt_entry_sh                            0x00000301   Thumb Code     0  rtentry4.o(.ARM.Collect$$rtentry$$00000004)
    __rt_entry_li                            0x00000307   Thumb Code     0  rtentry2.o(.ARM.Collect$$rtentry$$0000000A)
    __rt_entry_postsh_1                      0x00000307   Thumb Code     0  rtentry2.o(.ARM.Collect$$rtentry$$00000009)
    __rt_entry_main                          0x0000030b   Thumb Code     0  rtentry2.o(.ARM.Collect$$rtentry$$0000000D)
    __rt_entry_postli_1                      0x0000030b   Thumb Code     0  rtentry2.o(.ARM.Collect$$rtentry$$0000000C)
    __rt_exit                                0x00000313   Thumb Code     0  rtexit.o(.ARM.Collect$$rtexit$$00000000)
    __rt_exit_ls                             0x00000315   Thumb Code     0  rtexit2.o(.ARM.Collect$$rtexit$$00000003)
    __rt_exit_prels_1                        0x00000315   Thumb Code     0  rtexit2.o(.ARM.Collect$$rtexit$$00000002)
    __rt_exit_exit                           0x00000319   Thumb Code     0  rtexit2.o(.ARM.Collect$$rtexit$$00000004)
    DisableInterrupts                        0x00000321   Thumb Code     0  startup.o(.text)
    EnableInterrupts                         0x00000325   Thumb Code     0  startup.o(.text)
    StartCritical                            0x00000329   Thumb Code     0  startup.o(.text)
    EndCritical                              0x00000331   Thumb Code     0  startup.o(.text)
    WaitForInterrupt                         0x00000337   Thumb Code     0  startup.o(.text)
    __user_initial_stackheap                 0x0000033b   Thumb Code     0  startup.o(.text)
    Random_Init                              0x00000351   Thumb Code     0  random.o(.text)
    Random32                                 0x00000357   Thumb Code     2  random.o(.text)
    Random                                   0x00000369   Thumb Code     2  random.o(.text)
    __aeabi_memcpy4                          0x0000038d   Thumb Code     0  rt_memcpy_w.o(.text)
    __aeabi_memcpy8                          0x0000038d   Thumb Code     0  rt_memcpy_w.o(.text)
    __rt_memcpy_w                            0x0000038d   Thumb Code   100  rt_memcpy_w.o(.text)
    _memcpy_lastbytes_aligned                0x000003d5   Thumb Code     0  rt_memcpy_w.o(.text)
    __use_two_region_memory                  0x000003f1   Thumb Code     2  heapauxi.o(.text)
    __rt_heap_escrow$2region                 0x000003f3   Thumb Code     2  heapauxi.o(.text)
    __rt_heap_expand$2region                 0x000003f5   Thumb Code     2  heapauxi.o(.text)
    __user_setup_stackheap                   0x000003f7   Thumb Code    74  sys_stackheap_outer.o(.text)
    exit                                     0x00000441   Thumb Code    12  exit.o(.text)
    __user_libspace                          0x0000044d   Thumb Code     8  libspace.o(.text)
    __user_perproc_libspace                  0x0000044d   Thumb Code     0  libspace.o(.text)
    __user_perthread_libspace                0x0000044d   Thumb Code     0  libspace.o(.text)
    _sys_exit                                0x00000455   Thumb Code     8  sys_exit.o(.text)
    __I$use$semihosting                      0x00000461   Thumb Code     0  use_no_semi.o(.text)
    __use_no_semihosting_swi                 0x00000461   Thumb Code     2  use_no_semi.o(.text)
    __semihosting_library_function           0x00000463   Thumb Code     0  indicate_semi.o(.text)
    ADC0_InSeq3                              0x00000465   Thumb Code    36  spaceinvaders.o(i.ADC0_InSeq3)
    ADC0_Init                                0x00000491   Thumb Code   176  spaceinvaders.o(i.ADC0_Init)
    ADC1_In                                  0x0000055d   Thumb Code     6  texas.o(i.ADC1_In)
    ADC1_Init                                0x00000569   Thumb Code   174  texas.o(i.ADC1_Init)
    Add_Collision_Detection_Effect           0x0000063d   Thumb Code   398  spaceinvaders.o(i.Add_Collision_Detection_Effect)
    Calibrate_Stick                          0x000007d9   Thumb Code   192  spaceinvaders.o(i.Calibrate_Stick)
    Control_ExplosionArray                   0x000008e5   Thumb Code    56  spaceinvaders.o(i.Control_ExplosionArray)
    Delay100ms                               0x0000091d   Thumb Code    30  spaceinvaders.o(i.Delay100ms)
    Get_New_Player_Position                  0x00000941   Thumb Code   116  spaceinvaders.o(i.Get_New_Player_Position)
    Get_Next_Sprite                          0x000009c5   Thumb Code   186  spaceinvaders.o(i.Get_Next_Sprite)
    Init_BulletArray                         0x00000acd   Thumb Code    52  spaceinvaders.o(i.Init_BulletArray)
    Init_BunkerArray                         0x00000b09   Thumb Code    64  spaceinvaders.o(i.Init_BunkerArray)
    Init_EnemyArray                          0x00000b55   Thumb Code    98  spaceinvaders.o(i.Init_EnemyArray)
    Init_ExplosionArray                      0x00000bcd   Thumb Code    52  spaceinvaders.o(i.Init_ExplosionArray)
    Init_Player                              0x00000c09   Thumb Code    22  spaceinvaders.o(i.Init_Player)
    Move_BulletArray                         0x00000c29   Thumb Code   194  spaceinvaders.o(i.Move_BulletArray)
    Move_EnemyArray                          0x00000cf9   Thumb Code   192  spaceinvaders.o(i.Move_EnemyArray)
    Nokia5110_Clear                          0x00000db9   Thumb Code    32  nokia5110.o(i.Nokia5110_Clear)
    Nokia5110_ClearBuffer                    0x00000dd9   Thumb Code    20  nokia5110.o(i.Nokia5110_ClearBuffer)
    Nokia5110_DisplayBuffer                  0x00000df1   Thumb Code    10  nokia5110.o(i.Nokia5110_DisplayBuffer)
    Nokia5110_DrawFullImage                  0x00000e01   Thumb Code    34  nokia5110.o(i.Nokia5110_DrawFullImage)
    Nokia5110_Init                           0x00000e25   Thumb Code   316  nokia5110.o(i.Nokia5110_Init)
    Nokia5110_OutChar                        0x00000f91   Thumb Code    52  nokia5110.o(i.Nokia5110_OutChar)
    Nokia5110_OutString                      0x00000fc9   Thumb Code    22  nokia5110.o(i.Nokia5110_OutString)
    Nokia5110_PrintBMP                       0x00000fe1   Thumb Code   420  nokia5110.o(i.Nokia5110_PrintBMP)
    Nokia5110_SetCursor                      0x00001189   Thumb Code    48  nokia5110.o(i.Nokia5110_SetCursor)
    PLL_Init                                 0x000011b9   Thumb Code   118  texas.o(i.PLL_Init)
    Print_SpriteArray                        0x00001235   Thumb Code    50  spaceinvaders.o(i.Print_SpriteArray)
    Return_Next_Move_Num                     0x00001267   Thumb Code    40  spaceinvaders.o(i.Return_Next_Move_Num)
    SetCode                                  0x00001291   Thumb Code    20  texas.o(i.SetCode)
    SetCourse                                0x000012a9   Thumb Code    20  texas.o(i.SetCourse)
    Shoot_BulletArray                        0x000012c1   Thumb Code   292  spaceinvaders.o(i.Shoot_BulletArray)
    Show_Gameover                            0x00001401   Thumb Code    50  spaceinvaders.o(i.Show_Gameover)
    Show_YouWin                              0x00001459   Thumb Code    36  spaceinvaders.o(i.Show_YouWin)
    SysTick_Handler                          0x00001495   Thumb Code    34  spaceinvaders.o(i.SysTick_Handler)
    SysTick_Init                             0x000014c9   Thumb Code   126  spaceinvaders.o(i.SysTick_Init)
    TExaS_Init                               0x00001559   Thumb Code   324  texas.o(i.TExaS_Init)
    Timer2A_Handler                          0x0000171d   Thumb Code    24  spaceinvaders.o(i.Timer2A_Handler)
    Timer4A_Handler                          0x00001741   Thumb Code    20  texas.o(i.Timer4A_Handler)
    Timer5A_Handler                          0x00001761   Thumb Code    34  texas.o(i.Timer5A_Handler)
    UART0_Init                               0x00001791   Thumb Code   160  texas.o(i.UART0_Init)
    _get_sprite_wide                         0x00001851   Thumb Code    70  spaceinvaders.o(i._get_sprite_wide)
    _is_bullet_hit_against_bunker            0x000018ad   Thumb Code   148  spaceinvaders.o(i._is_bullet_hit_against_bunker)
    _is_bullet_hit_against_enemy             0x00001941   Thumb Code   102  spaceinvaders.o(i._is_bullet_hit_against_enemy)
    _is_bullet_hit_against_player            0x000019ad   Thumb Code    88  spaceinvaders.o(i._is_bullet_hit_against_player)
    _is_laser                                0x00001a0d   Thumb Code    28  spaceinvaders.o(i._is_laser)
    are_all_enemy_dead                       0x00001a31   Thumb Code    62  spaceinvaders.o(i.are_all_enemy_dead)
    is_controler_in_middle                   0x00001a71   Thumb Code    26  spaceinvaders.o(i.is_controler_in_middle)
    is_playrer_dead                          0x00001a95   Thumb Code    46  spaceinvaders.o(i.is_playrer_dead)
    main                                     0x00001b11   Thumb Code   360  spaceinvaders.o(i.main)
    SmallEnemy30PointA                       0x00002048   Data         199  spaceinvaders.o(.constdata)
    SmallEnemy30PointB                       0x0000210f   Data         199  spaceinvaders.o(.constdata)
    SmallEnemy20PointA                       0x000021d6   Data         199  spaceinvaders.o(.constdata)
    SmallEnemy20PointB                       0x0000229d   Data         199  spaceinvaders.o(.constdata)
    SmallEnemy10PointA                       0x00002364   Data         199  spaceinvaders.o(.constdata)
    SmallEnemy10PointB                       0x0000242b   Data         199  spaceinvaders.o(.constdata)
    PlayerShip0                              0x000024f2   Data         215  spaceinvaders.o(.constdata)
    SmallEnemyBonus0                         0x000025c9   Data         203  spaceinvaders.o(.constdata)
    Bunker0                                  0x00002694   Data         179  spaceinvaders.o(.constdata)
    Bunker1                                  0x00002747   Data         179  spaceinvaders.o(.constdata)
    Bunker2                                  0x000027fa   Data         179  spaceinvaders.o(.constdata)
    Bunker3                                  0x000028ad   Data         179  spaceinvaders.o(.constdata)
    BigExplosion0                            0x00002960   Data         215  spaceinvaders.o(.constdata)
    BigExplosion1                            0x00002a37   Data         215  spaceinvaders.o(.constdata)
    SmallExplosion0                          0x00002b0e   Data         199  spaceinvaders.o(.constdata)
    SmallExplosion1                          0x00002bd5   Data         199  spaceinvaders.o(.constdata)
    Missile0                                 0x00002c9c   Data         155  spaceinvaders.o(.constdata)
    Missile1                                 0x00002d37   Data         155  spaceinvaders.o(.constdata)
    Missile2                                 0x00002dd2   Data         155  spaceinvaders.o(.constdata)
    Laser0                                   0x00002e6d   Data         155  spaceinvaders.o(.constdata)
    Laser1                                   0x00002f08   Data         155  spaceinvaders.o(.constdata)
    NoInputMsg                               0x00002fb8   Data          40  texas.o(.constdata)
    OutputPortMsg0                           0x00002fe0   Data          40  texas.o(.constdata)
    OutputPortMsg1                           0x00003008   Data          40  texas.o(.constdata)
    OutputPortMsg2                           0x00003030   Data          40  texas.o(.constdata)
    OutputPortMsg3                           0x00003058   Data          40  texas.o(.constdata)
    BlankMsg                                 0x00003080   Data          40  texas.o(.constdata)
    InitializedMsg                           0x000030a8   Data          40  texas.o(.constdata)
    IntroMsg                                 0x000030d0   Data          40  texas.o(.constdata)
    DoneMsg                                  0x000030f8   Data          40  texas.o(.constdata)
    Region$$Table$$Base                      0x00003120   Number         0  anon$$obj.o(Region$$Table)
    Region$$Table$$Limit                     0x00003140   Number         0  anon$$obj.o(Region$$Table)
    LEFT_THRESH                              0x20000000   Data           4  spaceinvaders.o(.data)
    RIGHT_THRESH                             0x20000004   Data           4  spaceinvaders.o(.data)
    shoot_bullet                             0x20000008   Data           4  spaceinvaders.o(.data)
    get_calc_position                        0x20000014   Data           4  spaceinvaders.o(.data)
    TimerCount                               0x20000018   Data           4  spaceinvaders.o(.data)
    Semaphore                                0x2000001c   Data           4  spaceinvaders.o(.data)
    SysTickFlag                              0x20000020   Data           4  spaceinvaders.o(.data)
    ControlerPosition                        0x20000024   Data           4  spaceinvaders.o(.data)
    enemy_i                                  0x20000028   Data           4  spaceinvaders.o(.data)
    bullet_i                                 0x2000002c   Data           4  spaceinvaders.o(.data)
    bullet_count                             0x20000030   Data           4  spaceinvaders.o(.data)
    interval                                 0x20000034   Data           4  spaceinvaders.o(.data)
    bunker_life                              0x20000038   Data           4  spaceinvaders.o(.data)
    TExaS_Period                             0x2000003c   Data           4  texas.o(.data)
    TExaS_Ports                              0x20000040   Data           8  texas.o(.data)
    Display                                  0x20000048   Data           1  texas.o(.data)
    TExaS_Meter                              0x2000004c   Data           4  texas.o(.data)
    ADCnum                                   0x20000050   Data           4  texas.o(.data)
    LastMode                                 0x20000054   Data           4  texas.o(.data)
    bFlag                                    0x20000058   Data           4  texas.o(.data)
    Count                                    0x2000005c   Data           4  texas.o(.data)
    DelayBetweenTests                        0x20000060   Data           4  texas.o(.data)
    TExaS_Test                               0x20000064   Data           4  texas.o(.data)
    ScopeMode                                0x20000068   Data           4  texas.o(.data)
    ScopeCount                               0x2000006c   Data           4  texas.o(.data)
    Screen                                   0x20000074   Data         504  nokia5110.o(.bss)
    TExaS                                    0x20000470   Data          56  texas.o(.bss)
    __libspace_start                         0x200004a8   Data          96  libspace.o(.bss)
    __temporary_stack_top$libspace           0x20000508   Data           0  libspace.o(.bss)



==============================================================================

Memory Map of the image

  Image Entry point : 0x0000026d

  Load Region LR_1 (Base: 0x00000000, Size: 0x000031b4, Max: 0xffffffff, ABSOLUTE)

    Execution Region ER_RO (Base: 0x00000000, Size: 0x00003140, Max: 0xffffffff, ABSOLUTE)

    Base Addr    Size         Type   Attr      Idx    E Section Name        Object

    0x00000000   0x00000284   Code   RO            3  * RESET               startup.o
    0x00000284   0x00000008   Code   RO          451  * !!!main             c_w.l(__main.o)
    0x0000028c   0x00000034   Code   RO          605    !!!scatter          c_w.l(__scatter.o)
    0x000002c0   0x0000001a   Code   RO          607    !!handler_copy      c_w.l(__scatter_copy.o)
    0x000002da   0x00000002   PAD
    0x000002dc   0x0000001c   Code   RO          609    !!handler_zi        c_w.l(__scatter_zi.o)
    0x000002f8   0x00000002   Code   RO          478    .ARM.Collect$$libinit$$00000000  c_w.l(libinit.o)
    0x000002fa   0x00000000   Code   RO          485    .ARM.Collect$$libinit$$00000002  c_w.l(libinit2.o)
    0x000002fa   0x00000000   Code   RO          488    .ARM.Collect$$libinit$$00000008  c_w.l(libinit2.o)
    0x000002fa   0x00000000   Code   RO          490    .ARM.Collect$$libinit$$0000000A  c_w.l(libinit2.o)
    0x000002fa   0x00000000   Code   RO          492    .ARM.Collect$$libinit$$0000000C  c_w.l(libinit2.o)
    0x000002fa   0x00000000   Code   RO          495    .ARM.Collect$$libinit$$0000000F  c_w.l(libinit2.o)
    0x000002fa   0x00000000   Code   RO          497    .ARM.Collect$$libinit$$00000011  c_w.l(libinit2.o)
    0x000002fa   0x00000000   Code   RO          499    .ARM.Collect$$libinit$$00000013  c_w.l(libinit2.o)
    0x000002fa   0x00000000   Code   RO          501    .ARM.Collect$$libinit$$00000015  c_w.l(libinit2.o)
    0x000002fa   0x00000000   Code   RO          503    .ARM.Collect$$libinit$$00000017  c_w.l(libinit2.o)
    0x000002fa   0x00000000   Code   RO          505    .ARM.Collect$$libinit$$00000019  c_w.l(libinit2.o)
    0x000002fa   0x00000000   Code   RO          507    .ARM.Collect$$libinit$$0000001B  c_w.l(libinit2.o)
    0x000002fa   0x00000000   Code   RO          509    .ARM.Collect$$libinit$$0000001D  c_w.l(libinit2.o)
    0x000002fa   0x00000000   Code   RO          511    .ARM.Collect$$libinit$$0000001F  c_w.l(libinit2.o)
    0x000002fa   0x00000000   Code   RO          513    .ARM.Collect$$libinit$$00000021  c_w.l(libinit2.o)
    0x000002fa   0x00000000   Code   RO          515    .ARM.Collect$$libinit$$00000023  c_w.l(libinit2.o)
    0x000002fa   0x00000000   Code   RO          519    .ARM.Collect$$libinit$$0000002A  c_w.l(libinit2.o)
    0x000002fa   0x00000000   Code   RO          521    .ARM.Collect$$libinit$$0000002C  c_w.l(libinit2.o)
    0x000002fa   0x00000000   Code   RO          523    .ARM.Collect$$libinit$$0000002E  c_w.l(libinit2.o)
    0x000002fa   0x00000000   Code   RO          525    .ARM.Collect$$libinit$$00000030  c_w.l(libinit2.o)
    0x000002fa   0x00000002   Code   RO          526    .ARM.Collect$$libinit$$00000031  c_w.l(libinit2.o)
    0x000002fc   0x00000002   Code   RO          546    .ARM.Collect$$libshutdown$$00000000  c_w.l(libshutdown.o)
    0x000002fe   0x00000000   Code   RO          560    .ARM.Collect$$libshutdown$$00000003  c_w.l(libshutdown2.o)
    0x000002fe   0x00000000   Code   RO          563    .ARM.Collect$$libshutdown$$00000006  c_w.l(libshutdown2.o)
    0x000002fe   0x00000000   Code   RO          566    .ARM.Collect$$libshutdown$$00000009  c_w.l(libshutdown2.o)
    0x000002fe   0x00000000   Code   RO          568    .ARM.Collect$$libshutdown$$0000000B  c_w.l(libshutdown2.o)
    0x000002fe   0x00000000   Code   RO          571    .ARM.Collect$$libshutdown$$0000000E  c_w.l(libshutdown2.o)
    0x000002fe   0x00000002   Code   RO          572    .ARM.Collect$$libshutdown$$0000000F  c_w.l(libshutdown2.o)
    0x00000300   0x00000000   Code   RO          453    .ARM.Collect$$rtentry$$00000000  c_w.l(rtentry.o)
    0x00000300   0x00000000   Code   RO          455    .ARM.Collect$$rtentry$$00000002  c_w.l(rtentry2.o)
    0x00000300   0x00000006   Code   RO          467    .ARM.Collect$$rtentry$$00000004  c_w.l(rtentry4.o)
    0x00000306   0x00000000   Code   RO          457    .ARM.Collect$$rtentry$$00000009  c_w.l(rtentry2.o)
    0x00000306   0x00000004   Code   RO          458    .ARM.Collect$$rtentry$$0000000A  c_w.l(rtentry2.o)
    0x0000030a   0x00000000   Code   RO          460    .ARM.Collect$$rtentry$$0000000C  c_w.l(rtentry2.o)
    0x0000030a   0x00000008   Code   RO          461    .ARM.Collect$$rtentry$$0000000D  c_w.l(rtentry2.o)
    0x00000312   0x00000002   Code   RO          482    .ARM.Collect$$rtexit$$00000000  c_w.l(rtexit.o)
    0x00000314   0x00000000   Code   RO          528    .ARM.Collect$$rtexit$$00000002  c_w.l(rtexit2.o)
    0x00000314   0x00000004   Code   RO          529    .ARM.Collect$$rtexit$$00000003  c_w.l(rtexit2.o)
    0x00000318   0x00000006   Code   RO          530    .ARM.Collect$$rtexit$$00000004  c_w.l(rtexit2.o)
    0x0000031e   0x00000002   PAD
    0x00000320   0x00000030   Code   RO            4    .text               startup.o
    0x00000350   0x0000003c   Code   RO          104    .text               random.o
    0x0000038c   0x00000064   Code   RO          447    .text               c_w.l(rt_memcpy_w.o)
    0x000003f0   0x00000006   Code   RO          449    .text               c_w.l(heapauxi.o)
    0x000003f6   0x0000004a   Code   RO          469    .text               c_w.l(sys_stackheap_outer.o)
    0x00000440   0x0000000c   Code   RO          471    .text               c_w.l(exit.o)
    0x0000044c   0x00000008   Code   RO          479    .text               c_w.l(libspace.o)
    0x00000454   0x0000000c   Code   RO          538    .text               c_w.l(sys_exit.o)
    0x00000460   0x00000002   Code   RO          549    .text               c_w.l(use_no_semi.o)
    0x00000462   0x00000000   Code   RO          551    .text               c_w.l(indicate_semi.o)
    0x00000462   0x00000002   PAD
    0x00000464   0x0000002c   Code   RO          107    i.ADC0_InSeq3       spaceinvaders.o
    0x00000490   0x000000cc   Code   RO          108    i.ADC0_Init         spaceinvaders.o
    0x0000055c   0x0000000c   Code   RO          326    i.ADC1_In           texas.o
    0x00000568   0x000000d4   Code   RO          327    i.ADC1_Init         texas.o
    0x0000063c   0x0000019c   Code   RO          109    i.Add_Collision_Detection_Effect  spaceinvaders.o
    0x000007d8   0x0000010c   Code   RO          110    i.Calibrate_Stick   spaceinvaders.o
    0x000008e4   0x00000038   Code   RO          111    i.Control_ExplosionArray  spaceinvaders.o
    0x0000091c   0x00000024   Code   RO          112    i.Delay100ms        spaceinvaders.o
    0x00000940   0x00000084   Code   RO          113    i.Get_New_Player_Position  spaceinvaders.o
    0x000009c4   0x00000108   Code   RO          114    i.Get_Next_Sprite   spaceinvaders.o
    0x00000acc   0x0000003c   Code   RO          115    i.Init_BulletArray  spaceinvaders.o
    0x00000b08   0x0000004c   Code   RO          116    i.Init_BunkerArray  spaceinvaders.o
    0x00000b54   0x00000078   Code   RO          117    i.Init_EnemyArray   spaceinvaders.o
    0x00000bcc   0x0000003c   Code   RO          118    i.Init_ExplosionArray  spaceinvaders.o
    0x00000c08   0x00000020   Code   RO          119    i.Init_Player       spaceinvaders.o
    0x00000c28   0x000000d0   Code   RO          120    i.Move_BulletArray  spaceinvaders.o
    0x00000cf8   0x000000c0   Code   RO          121    i.Move_EnemyArray   spaceinvaders.o
    0x00000db8   0x00000020   Code   RO           12    i.Nokia5110_Clear   nokia5110.o
    0x00000dd8   0x00000018   Code   RO           13    i.Nokia5110_ClearBuffer  nokia5110.o
    0x00000df0   0x00000010   Code   RO           15    i.Nokia5110_DisplayBuffer  nokia5110.o
    0x00000e00   0x00000022   Code   RO           16    i.Nokia5110_DrawFullImage  nokia5110.o
    0x00000e22   0x00000002   PAD
    0x00000e24   0x0000016c   Code   RO           17    i.Nokia5110_Init    nokia5110.o
    0x00000f90   0x00000038   Code   RO           18    i.Nokia5110_OutChar  nokia5110.o
    0x00000fc8   0x00000016   Code   RO           19    i.Nokia5110_OutString  nokia5110.o
    0x00000fde   0x00000002   PAD
    0x00000fe0   0x000001a8   Code   RO           21    i.Nokia5110_PrintBMP  nokia5110.o
    0x00001188   0x00000030   Code   RO           22    i.Nokia5110_SetCursor  nokia5110.o
    0x000011b8   0x0000007c   Code   RO          328    i.PLL_Init          texas.o
    0x00001234   0x00000032   Code   RO          122    i.Print_SpriteArray  spaceinvaders.o
    0x00001266   0x00000028   Code   RO          123    i.Return_Next_Move_Num  spaceinvaders.o
    0x0000128e   0x00000002   PAD
    0x00001290   0x00000018   Code   RO          329    i.SetCode           texas.o
    0x000012a8   0x00000018   Code   RO          330    i.SetCourse         texas.o
    0x000012c0   0x00000140   Code   RO          124    i.Shoot_BulletArray  spaceinvaders.o
    0x00001400   0x00000058   Code   RO          125    i.Show_Gameover     spaceinvaders.o
    0x00001458   0x0000003c   Code   RO          126    i.Show_YouWin       spaceinvaders.o
    0x00001494   0x00000034   Code   RO          127    i.SysTick_Handler   spaceinvaders.o
    0x000014c8   0x00000090   Code   RO          128    i.SysTick_Init      spaceinvaders.o
    0x00001558   0x000001c4   Code   RO          334    i.TExaS_Init        texas.o
    0x0000171c   0x00000024   Code   RO          129    i.Timer2A_Handler   spaceinvaders.o
    0x00001740   0x00000020   Code   RO          336    i.Timer4A_Handler   texas.o
    0x00001760   0x00000030   Code   RO          337    i.Timer5A_Handler   texas.o
    0x00001790   0x000000c0   Code   RO          340    i.UART0_Init        texas.o
    0x00001850   0x0000005c   Code   RO          131    i._get_sprite_wide  spaceinvaders.o
    0x000018ac   0x00000094   Code   RO          132    i._is_bullet_hit_against_bunker  spaceinvaders.o
    0x00001940   0x0000006c   Code   RO          133    i._is_bullet_hit_against_enemy  spaceinvaders.o
    0x000019ac   0x00000060   Code   RO          134    i._is_bullet_hit_against_player  spaceinvaders.o
    0x00001a0c   0x00000024   Code   RO          135    i._is_laser         spaceinvaders.o
    0x00001a30   0x0000003e   Code   RO          136    i.are_all_enemy_dead  spaceinvaders.o
    0x00001a6e   0x00000002   PAD
    0x00001a70   0x00000024   Code   RO          137    i.is_controler_in_middle  spaceinvaders.o
    0x00001a94   0x0000002e   Code   RO          138    i.is_playrer_dead   spaceinvaders.o
    0x00001ac2   0x00000002   PAD
    0x00001ac4   0x0000004c   Code   RO           24    i.lcdwrite          nokia5110.o
    0x00001b10   0x00000178   Code   RO          139    i.main              spaceinvaders.o
    0x00001c88   0x000001e0   Data   RO           26    .constdata          nokia5110.o
    0x00001e68   0x00001150   Data   RO          142    .constdata          spaceinvaders.o
    0x00002fb8   0x00000168   Data   RO          345    .constdata          texas.o
    0x00003120   0x00000020   Data   RO          603    Region$$Table       anon$$obj.o


    Execution Region ER_RW (Base: 0x20000000, Size: 0x00000074, Max: 0xffffffff, ABSOLUTE)

    Base Addr    Size         Type   Attr      Idx    E Section Name        Object

    0x20000000   0x0000003c   Data   RW          143    .data               spaceinvaders.o
    0x2000003c   0x00000034   Data   RW          346    .data               texas.o
    0x20000070   0x00000004   Data   RW          103    DATA                random.o


    Execution Region ER_ZI (Base: 0x20000074, Size: 0x00000894, Max: 0xffffffff, ABSOLUTE)

    Base Addr    Size         Type   Attr      Idx    E Section Name        Object

    0x20000074   0x000001f8   Zero   RW           25    .bss                nokia5110.o
    0x2000026c   0x00000200   Zero   RW          141    .bss                spaceinvaders.o
    0x2000046c   0x00000004   PAD
    0x20000470   0x00000038   Zero   RW          344    .bss                texas.o
    0x200004a8   0x00000060   Zero   RW          480    .bss                c_w.l(libspace.o)
    0x20000508   0x00000000   Zero   RW            2    HEAP                startup.o
    0x20000508   0x00000400   Zero   RW            1    STACK               startup.o


==============================================================================

Image component sizes


      Code (inc. data)   RO Data    RW Data    ZI Data      Debug   Object Name

      1096         76        480          0        504       8529   nokia5110.o
        60         14          0          4          0        184   random.o
      3954        508       4432         60        512      21009   spaceinvaders.o
       692        632          0          0       1024        868   startup.o
      1120        244        360         52         56      15392   texas.o

    ----------------------------------------------------------------------
      6932       1474       5304        116       2100      45982   Object Totals
         0          0         32          0          0          0   (incl. Generated)
        10          0          0          0          4          0   (incl. Padding)

    ----------------------------------------------------------------------

      Code (inc. data)   RO Data    RW Data    ZI Data      Debug   Library Member Name

         8          0          0          0          0         68   __main.o
        52          8          0          0          0          0   __scatter.o
        26          0          0          0          0          0   __scatter_copy.o
        28          0          0          0          0          0   __scatter_zi.o
        12          0          0          0          0         72   exit.o
         6          0          0          0          0        152   heapauxi.o
         0          0          0          0          0          0   indicate_semi.o
         2          0          0          0          0          0   libinit.o
         2          0          0          0          0          0   libinit2.o
         2          0          0          0          0          0   libshutdown.o
         2          0          0          0          0          0   libshutdown2.o
         8          4          0          0         96         68   libspace.o
       100          0          0          0          0         80   rt_memcpy_w.o
         0          0          0          0          0          0   rtentry.o
        12          0          0          0          0          0   rtentry2.o
         6          0          0          0          0          0   rtentry4.o
         2          0          0          0          0          0   rtexit.o
        10          0          0          0          0          0   rtexit2.o
        12          4          0          0          0         68   sys_exit.o
        74          0          0          0          0         80   sys_stackheap_outer.o
         2          0          0          0          0         68   use_no_semi.o

    ----------------------------------------------------------------------
       372         16          0          0         96        656   Library Totals
         6          0          0          0          0          0   (incl. Padding)

    ----------------------------------------------------------------------

      Code (inc. data)   RO Data    RW Data    ZI Data      Debug   Library Name

       366         16          0          0         96        656   c_w.l

    ----------------------------------------------------------------------
       372         16          0          0         96        656   Library Totals

    ----------------------------------------------------------------------

==============================================================================


      Code (inc. data)   RO Data    RW Data    ZI Data      Debug   

      7304       1490       5304        116       2196      43830   Grand Totals
      7304       1490       5304        116       2196      43830   ELF Image Totals
      7304       1490       5304        116          0          0   ROM Totals

==============================================================================

    Total RO  Size (Code + RO Data)                12608 (  12.31kB)
    Total RW  Size (RW Data + ZI Data)              2312 (   2.26kB)
    Total ROM Size (Code + RO Data + RW Data)      12724 (  12.43kB)

==============================================================================

